Archive member included to satisfy reference by file (symbol)

Middlewares/ST/touchgfx/lib/core/cortex_m4f/gcc\libtouchgfx-float-abi-hard.a(AbstractPartition.o)
                              TouchGFX/build/STM32F429IDISCO/TouchGFX/target/generated/TouchGFXConfiguration.o (touchgfx::AbstractPartition::getAllocationCount() const)
Middlewares/ST/touchgfx/lib/core/cortex_m4f/gcc\libtouchgfx-float-abi-hard.a(DigitalClock.o)
                              TouchGFX/build/STM32F429IDISCO/TouchGFX/gui/src/start_screen_screen/start_screenView.o (touchgfx::DigitalClock::~DigitalClock())
Middlewares/ST/touchgfx/lib/core/cortex_m4f/gcc\libtouchgfx-float-abi-hard.a(AbstractClock.o)
                              Middlewares/ST/touchgfx/lib/core/cortex_m4f/gcc\libtouchgfx-float-abi-hard.a(DigitalClock.o) (touchgfx::AbstractClock::setTime24Hour(unsigned char, unsigned char, unsigned char))
Middlewares/ST/touchgfx/lib/core/cortex_m4f/gcc\libtouchgfx-float-abi-hard.a(Container.o)
                              TouchGFX/build/STM32F429IDISCO/TouchGFX/generated/gui_generated/src/home_screen_screen/home_screenViewBase.o (touchgfx::Container::contains(touchgfx::Drawable const&))
Middlewares/ST/touchgfx/lib/core/cortex_m4f/gcc\libtouchgfx-float-abi-hard.a(HAL.o)
                              TouchGFX/build/STM32F429IDISCO/TouchGFX/target/generated/TouchGFXGeneratedHAL.o (touchgfx::HAL::drawDrawableInDynamicBitmap(touchgfx::Drawable&, unsigned short))
Middlewares/ST/touchgfx/lib/core/cortex_m4f/gcc\libtouchgfx-float-abi-hard.a(DMA.o)
                              TouchGFX/build/STM32F429IDISCO/TouchGFX/target/generated/STM32DMA.o (touchgfx::DMA_Interface::seedExecution())
Middlewares/ST/touchgfx/lib/core/cortex_m4f/gcc\libtouchgfx-float-abi-hard.a(SnapshotWidget.o)
                              TouchGFX/build/STM32F429IDISCO/TouchGFX/generated/gui_generated/src/common/FrontendApplicationBase.o (touchgfx::SnapshotWidget::~SnapshotWidget())
Middlewares/ST/touchgfx/lib/core/cortex_m4f/gcc\libtouchgfx-float-abi-hard.a(TextArea.o)
                              Middlewares/ST/touchgfx/lib/core/cortex_m4f/gcc\libtouchgfx-float-abi-hard.a(DigitalClock.o) (touchgfx::TextArea::setTypedText(touchgfx::TypedText))
Middlewares/ST/touchgfx/lib/core/cortex_m4f/gcc\libtouchgfx-float-abi-hard.a(TiledImage.o)
                              TouchGFX/build/STM32F429IDISCO/TouchGFX/generated/gui_generated/src/start_screen_screen/start_screenViewBase.o (touchgfx::TiledImage::setOffset(short, short))
Middlewares/ST/touchgfx/lib/core/cortex_m4f/gcc\libtouchgfx-float-abi-hard.a(TextAreaWithWildcard.o)
                              Middlewares/ST/touchgfx/lib/core/cortex_m4f/gcc\libtouchgfx-float-abi-hard.a(DigitalClock.o) (vtable for touchgfx::TextAreaWithOneWildcard)
Middlewares/ST/touchgfx/lib/core/cortex_m4f/gcc\libtouchgfx-float-abi-hard.a(Image.o)
                              TouchGFX/build/STM32F429IDISCO/TouchGFX/generated/gui_generated/src/home_screen_screen/home_screenViewBase.o (touchgfx::Image::setBitmap(touchgfx::Bitmap const&))
Middlewares/ST/touchgfx/lib/core/cortex_m4f/gcc\libtouchgfx-float-abi-hard.a(LCD.o)
                              Middlewares/ST/touchgfx/lib/core/cortex_m4f/gcc\libtouchgfx-float-abi-hard.a(TextArea.o) (touchgfx::LCD::drawString(touchgfx::Rect, touchgfx::Rect const&, touchgfx::LCD::StringVisuals const&, unsigned short const*, ...))
Middlewares/ST/touchgfx/lib/core/cortex_m4f/gcc\libtouchgfx-float-abi-hard.a(TouchCalibration.o)
                              Middlewares/ST/touchgfx/lib/core/cortex_m4f/gcc\libtouchgfx-float-abi-hard.a(HAL.o) (touchgfx::TouchCalibration::translatePoint(touchgfx::Point&))
Middlewares/ST/touchgfx/lib/core/cortex_m4f/gcc\libtouchgfx-float-abi-hard.a(DisplayTransformation.o)
                              Middlewares/ST/touchgfx/lib/core/cortex_m4f/gcc\libtouchgfx-float-abi-hard.a(HAL.o) (touchgfx::DisplayTransformation::transformFrameBufferToDisplay(short&, short&))
Middlewares/ST/touchgfx/lib/core/cortex_m4f/gcc\libtouchgfx-float-abi-hard.a(Application.o)
                              TouchGFX/build/STM32F429IDISCO/TouchGFX/gui/src/common/FrontendApplication.o (touchgfx::Application::handleClickEvent(touchgfx::ClickEvent const&))
Middlewares/ST/touchgfx/lib/core/cortex_m4f/gcc\libtouchgfx-float-abi-hard.a(TypedText.o)
                              TouchGFX/build/STM32F429IDISCO/TouchGFX/generated/fonts/src/FontCache.o (touchgfx::TypedText::numberOfTypedTexts)
Middlewares/ST/touchgfx/lib/core/cortex_m4f/gcc\libtouchgfx-float-abi-hard.a(Font.o)
                              TouchGFX/build/STM32F429IDISCO/TouchGFX/generated/fonts/src/GeneratedFont.o (touchgfx::Font::getCharWidth(unsigned short) const)
Middlewares/ST/touchgfx/lib/core/cortex_m4f/gcc\libtouchgfx-float-abi-hard.a(Drawable.o)
                              TouchGFX/build/STM32F429IDISCO/TouchGFX/generated/gui_generated/src/home_screen_screen/home_screenViewBase.o (touchgfx::Drawable::invalidate() const)
[...]
Memory Configuration

Name             Origin             Length             Attributes
CCMRAM           0x10000000         0x00010000         xrw
RAM              0x20000000         0x00030000         xrw
FLASH            0x08000000         0x00200000         xr
SDRAM            0xd0000000         0x00800000         xrw
*default*        0x00000000         0xffffffff

Linker script and memory map

LOAD c:/touchgfx/4.13.0/env/mingw/msys/1.0/gnu-arm-gcc/bin/../lib/gcc/arm-none-eabi/7.3.1/thumb/v7e-m/fpv4-sp/hard/crti.o
LOAD c:/touchgfx/4.13.0/env/mingw/msys/1.0/gnu-arm-gcc/bin/../lib/gcc/arm-none-eabi/7.3.1/thumb/v7e-m/fpv4-sp/hard/crtbegin.o
LOAD c:/touchgfx/4.13.0/env/mingw/msys/1.0/gnu-arm-gcc/bin/../lib/gcc/arm-none-eabi/7.3.1/../../../../arm-none-eabi/lib/thumb/v7e-m/fpv4-sp/hard/crt0.o
LOAD TouchGFX/build/STM32F429IDISCO/TouchGFX/gui/src/home_screen_screen/home_screenPresenter.o
LOAD TouchGFX/build/STM32F429IDISCO/TouchGFX/gui/src/home_screen_screen/home_screenView.o
LOAD TouchGFX/build/STM32F429IDISCO/TouchGFX/gui/src/start_screen_screen/start_screenView.o
LOAD TouchGFX/build/STM32F429IDISCO/TouchGFX/gui/src/start_screen_screen/start_screenPresenter.o
LOAD TouchGFX/build/STM32F429IDISCO/TouchGFX/gui/src/model/Model.o
LOAD TouchGFX/build/STM32F429IDISCO/TouchGFX/gui/src/common/FrontendApplication.o
LOAD TouchGFX/build/STM32F429IDISCO/TouchGFX/generated/gui_generated/src/home_screen_screen/home_screenViewBase.o
LOAD TouchGFX/build/STM32F429IDISCO/TouchGFX/generated/gui_generated/src/start_screen_screen/start_screenViewBase.o
LOAD TouchGFX/build/STM32F429IDISCO/TouchGFX/generated/gui_generated/src/common/FrontendApplicationBase.o
LOAD TouchGFX/build/STM32F429IDISCO/TouchGFX/generated/fonts/src/Font_verdana_40_4bpp_0.o
LOAD TouchGFX/build/STM32F429IDISCO/TouchGFX/generated/fonts/src/Font_verdana_20_4bpp_0.o
LOAD TouchGFX/build/STM32F429IDISCO/TouchGFX/generated/fonts/src/GeneratedFont.o
LOAD TouchGFX/build/STM32F429IDISCO/TouchGFX/generated/fonts/src/Kerning_verdana_40_4bpp.o
LOAD TouchGFX/build/STM32F429IDISCO/TouchGFX/generated/fonts/src/Table_verdana_10_4bpp.o
LOAD TouchGFX/build/STM32F429IDISCO/TouchGFX/generated/fonts/src/Kerning_verdana_10_4bpp.o
LOAD TouchGFX/build/STM32F429IDISCO/TouchGFX/generated/fonts/src/Kerning_verdana_20_4bpp.o
LOAD TouchGFX/build/STM32F429IDISCO/TouchGFX/generated/fonts/src/FontCache.o
LOAD TouchGFX/build/STM32F429IDISCO/TouchGFX/generated/fonts/src/Font_verdana_10_4bpp_0.o
LOAD TouchGFX/build/STM32F429IDISCO/TouchGFX/generated/fonts/src/Table_verdana_40_4bpp.o
LOAD TouchGFX/build/STM32F429IDISCO/TouchGFX/generated/fonts/src/CachedFont.o
LOAD TouchGFX/build/STM32F429IDISCO/TouchGFX/generated/fonts/src/Table_verdana_20_4bpp.o
LOAD TouchGFX/build/STM32F429IDISCO/TouchGFX/generated/fonts/src/ApplicationFontProvider.o
LOAD TouchGFX/build/STM32F429IDISCO/TouchGFX/generated/images/src/__designer/Blue_Icons_Back_arrow_48.o
LOAD TouchGFX/build/STM32F429IDISCO/TouchGFX/generated/images/src/__designer/Blue_Icons_Home_48.o
LOAD TouchGFX/build/STM32F429IDISCO/TouchGFX/generated/images/src/IndiaMap_resize.o
LOAD TouchGFX/build/STM32F429IDISCO/TouchGFX/generated/images/src/BitmapDatabase.o
LOAD TouchGFX/build/STM32F429IDISCO/TouchGFX/generated/images/src/HS_2_2_4.o
LOAD TouchGFX/build/STM32F429IDISCO/TouchGFX/generated/texts/src/LanguageGb.o
LOAD TouchGFX/build/STM32F429IDISCO/TouchGFX/generated/texts/src/TypedTextDatabase.o
LOAD TouchGFX/build/STM32F429IDISCO/TouchGFX/generated/texts/src/Texts.o
LOAD TouchGFX/build/STM32F429IDISCO/TouchGFX/target/generated/TouchGFXGeneratedHAL.o
LOAD TouchGFX/build/STM32F429IDISCO/TouchGFX/target/generated/STM32DMA.o
LOAD TouchGFX/build/STM32F429IDISCO/TouchGFX/target/generated/OSWrappers.o
LOAD TouchGFX/build/STM32F429IDISCO/TouchGFX/target/generated/TouchGFXConfiguration.o
LOAD TouchGFX/build/STM32F429IDISCO/TouchGFX/target/TouchGFXHAL.o
LOAD TouchGFX/build/STM32F429IDISCO/TouchGFX/target/TouchGFXGPIO.o
LOAD TouchGFX/build/STM32F429IDISCO/TouchGFX/target/STM32TouchController.o
LOAD TouchGFX/build/STM32F429IDISCO/Core/Src/system_stm32f4xx.o
LOAD TouchGFX/build/STM32F429IDISCO/Core/Src/stm32f4xx_hal_timebase_tim.o
LOAD TouchGFX/build/STM32F429IDISCO/Core/Src/main.o
LOAD TouchGFX/build/STM32F429IDISCO/Core/Src/stm32f4xx_it.o
LOAD TouchGFX/build/STM32F429IDISCO/Core/Src/sysmem.o
LOAD TouchGFX/build/STM32F429IDISCO/Core/Src/stm32f4xx_hal_msp.o
LOAD TouchGFX/build/STM32F429IDISCO/Core/Src/syscalls.o
LOAD TouchGFX/build/STM32F429IDISCO/Core/Src/freertos.o
LOAD TouchGFX/build/STM32F429IDISCO/Drivers/STM32F4xx_HAL_Driver/Src/stm32f4xx_hal_pwr_ex.o
LOAD TouchGFX/build/STM32F429IDISCO/Drivers/STM32F4xx_HAL_Driver/Src/stm32f4xx_hal_sdram.o
LOAD TouchGFX/build/STM32F429IDISCO/Drivers/STM32F4xx_HAL_Driver/Src/stm32f4xx_hal_flash.o
LOAD TouchGFX/build/STM32F429IDISCO/Drivers/STM32F4xx_HAL_Driver/Src/stm32f4xx_hal_rcc.o
LOAD TouchGFX/build/STM32F429IDISCO/Drivers/STM32F4xx_HAL_Driver/Src/stm32f4xx_hal_dma_ex.o
LOAD TouchGFX/build/STM32F429IDISCO/Drivers/STM32F4xx_HAL_Driver/Src/stm32f4xx_hal_tim.o
LOAD TouchGFX/build/STM32F429IDISCO/Drivers/STM32F4xx_HAL_Driver/Src/stm32f4xx_hal_i2c.o
LOAD TouchGFX/build/STM32F429IDISCO/Drivers/STM32F4xx_HAL_Driver/Src/stm32f4xx_hal_flash_ex.o
LOAD TouchGFX/build/STM32F429IDISCO/Drivers/STM32F4xx_HAL_Driver/Src/stm32f4xx_hal_dma.o
LOAD TouchGFX/build/STM32F429IDISCO/Drivers/STM32F4xx_HAL_Driver/Src/stm32f4xx_hal_i2c_ex.o
LOAD TouchGFX/build/STM32F429IDISCO/Drivers/STM32F4xx_HAL_Driver/Src/stm32f4xx_hal_tim_ex.o
LOAD TouchGFX/build/STM32F429IDISCO/Drivers/STM32F4xx_HAL_Driver/Src/stm32f4xx_hal_cortex.o
LOAD TouchGFX/build/STM32F429IDISCO/Drivers/STM32F4xx_HAL_Driver/Src/stm32f4xx_hal_ltdc_ex.o
LOAD TouchGFX/build/STM32F429IDISCO/Drivers/STM32F4xx_HAL_Driver/Src/stm32f4xx_ll_fmc.o
LOAD TouchGFX/build/STM32F429IDISCO/Drivers/STM32F4xx_HAL_Driver/Src/stm32f4xx_hal_exti.o
LOAD TouchGFX/build/STM32F429IDISCO/Drivers/STM32F4xx_HAL_Driver/Src/stm32f4xx_hal_gpio.o
LOAD TouchGFX/build/STM32F429IDISCO/Drivers/STM32F4xx_HAL_Driver/Src/stm32f4xx_hal_spi.o
LOAD TouchGFX/build/STM32F429IDISCO/Drivers/STM32F4xx_HAL_Driver/Src/stm32f4xx_hal_dma2d.o
LOAD TouchGFX/build/STM32F429IDISCO/Drivers/STM32F4xx_HAL_Driver/Src/stm32f4xx_hal_flash_ramfunc.o
LOAD TouchGFX/build/STM32F429IDISCO/Drivers/STM32F4xx_HAL_Driver/Src/stm32f4xx_hal_ltdc.o
LOAD TouchGFX/build/STM32F429IDISCO/Drivers/STM32F4xx_HAL_Driver/Src/stm32f4xx_hal_pwr.o
LOAD TouchGFX/build/STM32F429IDISCO/Drivers/STM32F4xx_HAL_Driver/Src/stm32f4xx_hal.o
LOAD TouchGFX/build/STM32F429IDISCO/Drivers/STM32F4xx_HAL_Driver/Src/stm32f4xx_hal_rcc_ex.o
LOAD TouchGFX/build/STM32F429IDISCO/Drivers/STM32F4xx_HAL_Driver/Src/stm32f4xx_hal_dsi.o
LOAD TouchGFX/build/STM32F429IDISCO/Drivers/STM32F4xx_HAL_Driver/Src/stm32f4xx_hal_crc.o
LOAD TouchGFX/build/STM32F429IDISCO/TouchGFX/App/app_touchgfx.o
LOAD TouchGFX/build/STM32F429IDISCO/Middlewares/Third_Party/FreeRTOS/Source/croutine.o
LOAD TouchGFX/build/STM32F429IDISCO/Middlewares/Third_Party/FreeRTOS/Source/event_groups.o
LOAD TouchGFX/build/STM32F429IDISCO/Middlewares/Third_Party/FreeRTOS/Source/list.o
LOAD TouchGFX/build/STM32F429IDISCO/Middlewares/Third_Party/FreeRTOS/Source/queue.o
LOAD TouchGFX/build/STM32F429IDISCO/Middlewares/Third_Party/FreeRTOS/Source/tasks.o
LOAD TouchGFX/build/STM32F429IDISCO/Middlewares/Third_Party/FreeRTOS/Source/timers.o
LOAD TouchGFX/build/STM32F429IDISCO/Middlewares/Third_Party/FreeRTOS/Source/portable/MemMang/heap_4.o
LOAD TouchGFX/build/STM32F429IDISCO/Middlewares/Third_Party/FreeRTOS/Source/portable/GCC/ARM_CM4F/port.o
LOAD TouchGFX/build/STM32F429IDISCO/Middlewares/Third_Party/FreeRTOS/Source/CMSIS_RTOS_V2/cmsis_os2.o
LOAD TouchGFX/build/STM32F429IDISCO/Drivers/BSP/Components/stmpe811/stmpe811.o
LOAD TouchGFX/build/STM32F429IDISCO/Drivers/BSP/Components/ili9341/ili9341.o
LOAD TouchGFX/build/STM32F429IDISCO/gcc/startup_stm32f429zitx.o
START GROUP
LOAD Middlewares/ST/touchgfx/lib/core/cortex_m4f/gcc\libtouchgfx-float-abi-hard.a
END GROUP
LOAD c:/touchgfx/4.13.0/env/mingw/msys/1.0/gnu-arm-gcc/bin/../lib/gcc/arm-none-eabi/7.3.1/../../../../arm-none-eabi/lib/thumb/v7e-m/fpv4-sp/hard\libstdc++_nano.a
LOAD c:/touchgfx/4.13.0/env/mingw/msys/1.0/gnu-arm-gcc/bin/../lib/gcc/arm-none-eabi/7.3.1/../../../../arm-none-eabi/lib/thumb/v7e-m/fpv4-sp/hard\libm.a
START GROUP
LOAD c:/touchgfx/4.13.0/env/mingw/msys/1.0/gnu-arm-gcc/bin/../lib/gcc/arm-none-eabi/7.3.1/thumb/v7e-m/fpv4-sp/hard\libgcc.a
LOAD c:/touchgfx/4.13.0/env/mingw/msys/1.0/gnu-arm-gcc/bin/../lib/gcc/arm-none-eabi/7.3.1/../../../../arm-none-eabi/lib/thumb/v7e-m/fpv4-sp/hard\libc_nano.a
END GROUP
START GROUP
LOAD c:/touchgfx/4.13.0/env/mingw/msys/1.0/gnu-arm-gcc/bin/../lib/gcc/arm-none-eabi/7.3.1/thumb/v7e-m/fpv4-sp/hard\libgcc.a
LOAD c:/touchgfx/4.13.0/env/mingw/msys/1.0/gnu-arm-gcc/bin/../lib/gcc/arm-none-eabi/7.3.1/../../../../arm-none-eabi/lib/thumb/v7e-m/fpv4-sp/hard\libc_nano.a
LOAD c:/touchgfx/4.13.0/env/mingw/msys/1.0/gnu-arm-gcc/bin/../lib/gcc/arm-none-eabi/7.3.1/../../../../arm-none-eabi/lib/thumb/v7e-m/fpv4-sp/hard\libnosys.a
END GROUP
START GROUP
LOAD c:/touchgfx/4.13.0/env/mingw/msys/1.0/gnu-arm-gcc/bin/../lib/gcc/arm-none-eabi/7.3.1/thumb/v7e-m/fpv4-sp/hard\libgcc.a
LOAD c:/touchgfx/4.13.0/env/mingw/msys/1.0/gnu-arm-gcc/bin/../lib/gcc/arm-none-eabi/7.3.1/../../../../arm-none-eabi/lib/thumb/v7e-m/fpv4-sp/hard\libc_nano.a
LOAD c:/touchgfx/4.13.0/env/mingw/msys/1.0/gnu-arm-gcc/bin/../lib/gcc/arm-none-eabi/7.3.1/../../../../arm-none-eabi/lib/thumb/v7e-m/fpv4-sp/hard\libnosys.a
END GROUP
LOAD c:/touchgfx/4.13.0/env/mingw/msys/1.0/gnu-arm-gcc/bin/../lib/gcc/arm-none-eabi/7.3.1/thumb/v7e-m/fpv4-sp/hard/crtend.o
LOAD c:/touchgfx/4.13.0/env/mingw/msys/1.0/gnu-arm-gcc/bin/../lib/gcc/arm-none-eabi/7.3.1/thumb/v7e-m/fpv4-sp/hard/crtn.o
                0x20030000                _estack = (ORIGIN (RAM) + LENGTH (RAM))
                0x00000200                _Min_Heap_Size = 0x200
                0x00000400                _Min_Stack_Size = 0x400

.isr_vector     0x08000000      0x1ac
                0x08000000                . = ALIGN (0x4)
 *(.isr_vector)
 .isr_vector    0x08000000      0x1ac TouchGFX/build/STM32F429IDISCO/gcc/startup_stm32f429zitx.o
                0x08000000                g_pfnVectors
                0x080001ac                . = ALIGN (0x4)

.text           0x080001b0    0x19790
                0x080001b0                . = ALIGN (0x4)
 *(.text)
 .text          0x080001b0       0x40 c:/touchgfx/4.13.0/env/mingw/msys/1.0/gnu-arm-gcc/bin/../lib/gcc/arm-none-eabi/7.3.1/thumb/v7e-m/fpv4-sp/hard/crtbegin.o
 .text          0x080001f0       0x30 c:/touchgfx/4.13.0/env/mingw/msys/1.0/gnu-arm-gcc/bin/../lib/gcc/arm-none-eabi/7.3.1/thumb/v7e-m/fpv4-sp/hard\libgcc.a(_aeabi_uldivmod.o)
                0x080001f0                __aeabi_uldivmod
 .text          0x08000220      0x2cc c:/touchgfx/4.13.0/env/mingw/msys/1.0/gnu-arm-gcc/bin/../lib/gcc/arm-none-eabi/7.3.1/thumb/v7e-m/fpv4-sp/hard\libgcc.a(_udivmoddi4.o)
                0x08000220                __udivmoddi4
 .text          0x080004ec        0x4 c:/touchgfx/4.13.0/env/mingw/msys/1.0/gnu-arm-gcc/bin/../lib/gcc/arm-none-eabi/7.3.1/thumb/v7e-m/fpv4-sp/hard\libgcc.a(_dvmd_tls.o)
                0x080004ec                __aeabi_idiv0
                0x080004ec                __aeabi_ldiv0
 .text          0x080004f0       0xa0 c:/touchgfx/4.13.0/env/mingw/msys/1.0/gnu-arm-gcc/bin/../lib/gcc/arm-none-eabi/7.3.1/../../../../arm-none-eabi/lib/thumb/v7e-m/fpv4-sp/hard\libc_nano.a(lib_a-memchr.o)
                0x080004f0                memchr
 *(.text*)
 .text._ZN20home_screenPresenterD2Ev
                0x08000590        0x6 TouchGFX/build/STM32F429IDISCO/TouchGFX/gui/src/home_screen_screen/home_screenPresenter.o
                0x08000590                home_screenPresenter::~home_screenPresenter()
                0x08000590                home_screenPresenter::~home_screenPresenter()
                0x08000592                non-virtual thunk to home_screenPresenter::~home_screenPresenter()
 .text._ZN20home_screenPresenter8activateEv
                0x08000596        0x2 TouchGFX/build/STM32F429IDISCO/TouchGFX/gui/src/home_screen_screen/home_screenPresenter.o
                0x08000596                home_screenPresenter::deactivate()
                0x08000596                home_screenPresenter::activate()
 .text._ZN20home_screenPresenterD0Ev
                0x08000598       0x14 TouchGFX/build/STM32F429IDISCO/TouchGFX/gui/src/home_screen_screen/home_screenPresenter.o
                0x08000598                home_screenPresenter::~home_screenPresenter()
                0x080005a6                non-virtual thunk to home_screenPresenter::~home_screenPresenter()
 .text._ZN20home_screenPresenterC2ER15home_screenView
                0x080005ac       0x1c TouchGFX/build/STM32F429IDISCO/TouchGFX/gui/src/home_screen_screen/home_screenPresenter.o
                0x080005ac                home_screenPresenter::home_screenPresenter(home_screenView&)
                0x080005ac                home_screenPresenter::home_screenPresenter(home_screenView&)
 .text._ZN8touchgfx6Screen15afterTransitionEv
                0x080005c8        0x2 TouchGFX/build/STM32F429IDISCO/TouchGFX/gui/src/home_screen_screen/home_screenView.o
                0x080005c8                touchgfx::Screen::afterTransition()
 .text._ZN8touchgfx6Screen15handleTickEventEv
                0x080005ca        0x2 TouchGFX/build/STM32F429IDISCO/TouchGFX/gui/src/home_screen_screen/home_screenView.o
                0x080005ca                touchgfx::Screen::handleTickEvent()
 .text._ZN8touchgfx6Screen14handleKeyEventEh
                0x080005cc        0x2 TouchGFX/build/STM32F429IDISCO/TouchGFX/gui/src/home_screen_screen/home_screenView.o
                0x080005cc                touchgfx::Screen::handleKeyEvent(unsigned char)
 .text._ZN15home_screenViewD2Ev
                0x080005ce        0x2 TouchGFX/build/STM32F429IDISCO/TouchGFX/gui/src/home_screen_screen/home_screenView.o
                0x080005ce                home_screenView::~home_screenView()
                0x080005ce                home_screenView::~home_screenView()
 .text._ZN15home_screenView14tearDownScreenEv
                0x080005d0        0x2 TouchGFX/build/STM32F429IDISCO/TouchGFX/gui/src/home_screen_screen/home_screenView.o
                0x080005d0                home_screenView::tearDownScreen()
 .text._ZN15home_screenView11setupScreenEv
                0x080005d2        0x4 TouchGFX/build/STM32F429IDISCO/TouchGFX/gui/src/home_screen_screen/home_screenView.o
                0x080005d2                home_screenView::setupScreen()
 .text._ZN15home_screenViewD0Ev
                0x080005d6        0xe TouchGFX/build/STM32F429IDISCO/TouchGFX/gui/src/home_screen_screen/home_screenView.o
                0x080005d6                home_screenView::~home_screenView()
 .text._ZN15home_screenViewC2Ev
                0x080005e4       0x14 TouchGFX/build/STM32F429IDISCO/TouchGFX/gui/src/home_screen_screen/home_screenView.o
                0x080005e4                home_screenView::home_screenView()
                0x080005e4                home_screenView::home_screenView()
 .text._ZN16start_screenView14tearDownScreenEv
                0x080005f8        0x2 TouchGFX/build/STM32F429IDISCO/TouchGFX/gui/src/start_screen_screen/start_screenView.o
                0x080005f8                start_screenView::tearDownScreen()
 .text._ZN16start_screenView11setupScreenEv
                0x080005fa        0x4 TouchGFX/build/STM32F429IDISCO/TouchGFX/gui/src/start_screen_screen/start_screenView.o
                0x080005fa                start_screenView::setupScreen()
 *fill*         0x080005fe        0x2 
 .text._ZN16start_screenViewC2Ev
                0x08000600       0x14 TouchGFX/build/STM32F429IDISCO/TouchGFX/gui/src/start_screen_screen/start_screenView.o
                0x08000600                start_screenView::start_screenView()
                0x08000600                start_screenView::start_screenView()
 .text._ZN16start_screenViewD2Ev
                0x08000614       0x18 TouchGFX/build/STM32F429IDISCO/TouchGFX/gui/src/start_screen_screen/start_screenView.o
                0x08000614                start_screenView::~start_screenView()
                0x08000614                start_screenView::~start_screenView()
 .text._ZN16start_screenViewD0Ev
                0x0800062c       0x16 TouchGFX/build/STM32F429IDISCO/TouchGFX/gui/src/start_screen_screen/start_screenView.o
                0x0800062c                start_screenView::~start_screenView()
 .text._ZN21start_screenPresenterD2Ev
                0x08000642        0x6 TouchGFX/build/STM32F429IDISCO/TouchGFX/gui/src/start_screen_screen/start_screenPresenter.o
                0x08000642                start_screenPresenter::~start_screenPresenter()
                0x08000642                start_screenPresenter::~start_screenPresenter()
                0x08000644                non-virtual thunk to start_screenPresenter::~start_screenPresenter()
 .text._ZN21start_screenPresenter8activateEv
                0x08000648        0x2 TouchGFX/build/STM32F429IDISCO/TouchGFX/gui/src/start_screen_screen/start_screenPresenter.o
                0x08000648                start_screenPresenter::deactivate()
                0x08000648                start_screenPresenter::activate()
 .text._ZN21start_screenPresenterD0Ev
                0x0800064a       0x14 TouchGFX/build/STM32F429IDISCO/TouchGFX/gui/src/start_screen_screen/start_screenPresenter.o
                0x0800064a                start_screenPresenter::~start_screenPresenter()
                0x08000658                non-virtual thunk to start_screenPresenter::~start_screenPresenter()
 *fill*         0x0800065e        0x2 
 .text._ZN21start_screenPresenterC2ER16start_screenView
                0x08000660       0x1c TouchGFX/build/STM32F429IDISCO/TouchGFX/gui/src/start_screen_screen/start_screenPresenter.o
                0x08000660                start_screenPresenter::start_screenPresenter(start_screenView&)
                0x08000660                start_screenPresenter::start_screenPresenter(start_screenView&)
 .text._ZN5ModelC2Ev
                0x0800067c        0x6 TouchGFX/build/STM32F429IDISCO/TouchGFX/gui/src/model/Model.o
                0x0800067c                Model::Model()
                0x0800067c                Model::Model()
 .text._ZN5Model4tickEv
                0x08000682        0x2 TouchGFX/build/STM32F429IDISCO/TouchGFX/gui/src/model/Model.o
                0x08000682                Model::tick()
 .text._ZN8touchgfx11Application15appSwitchScreenEh
                0x08000684        0x2 TouchGFX/build/STM32F429IDISCO/TouchGFX/gui/src/common/FrontendApplication.o
                0x08000684                touchgfx::Application::appSwitchScreen(unsigned char)
 .text._ZN19FrontendApplicationD2Ev
                0x08000686        0x2 TouchGFX/build/STM32F429IDISCO/TouchGFX/gui/src/common/FrontendApplication.o
                0x08000686                FrontendApplication::~FrontendApplication()
                0x08000686                FrontendApplication::~FrontendApplication()
 .text._ZN19FrontendApplicationD0Ev
                0x08000688       0x10 TouchGFX/build/STM32F429IDISCO/TouchGFX/gui/src/common/FrontendApplication.o
                0x08000688                FrontendApplication::~FrontendApplication()
 .text._ZN19FrontendApplication15handleTickEventEv
                0x08000698       0x16 TouchGFX/build/STM32F429IDISCO/TouchGFX/gui/src/common/FrontendApplication.o
                0x08000698                FrontendApplication::handleTickEvent()
 .text._ZN8touchgfx14MVPApplication29handlePendingScreenTransitionEv
                0x080006ae       0x24 TouchGFX/build/STM32F429IDISCO/TouchGFX/gui/src/common/FrontendApplication.o
                0x080006ae                touchgfx::MVPApplication::handlePendingScreenTransition()
 *fill*         0x080006d2        0x2 
 .text._ZN19FrontendApplicationC2ER5ModelR12FrontendHeap
                0x080006d4       0x14 TouchGFX/build/STM32F429IDISCO/TouchGFX/gui/src/common/FrontendApplication.o
                0x080006d4                FrontendApplication::FrontendApplication(Model&, FrontendHeap&)
                0x080006d4                FrontendApplication::FrontendApplication(Model&, FrontendHeap&)
 .text._ZN8touchgfx8Drawable11setPositionEssss
                0x080006e8       0x28 TouchGFX/build/STM32F429IDISCO/TouchGFX/generated/gui_generated/src/home_screen_screen/home_screenViewBase.o
                0x080006e8                touchgfx::Drawable::setPosition(short, short, short, short)
 .text._ZN8touchgfx8Drawable4setXEs
                0x08000710        0x4 TouchGFX/build/STM32F429IDISCO/TouchGFX/generated/gui_generated/src/home_screen_screen/home_screenViewBase.o
                0x08000710                touchgfx::Drawable::setX(short)
 .text._ZN8touchgfx8Drawable4setYEs
                0x08000714        0x4 TouchGFX/build/STM32F429IDISCO/TouchGFX/generated/gui_generated/src/home_screen_screen/home_screenViewBase.o
                0x08000714                touchgfx::Drawable::setY(short)
 .text._ZN8touchgfx8Drawable5setXYEss
                0x08000718       0x1a TouchGFX/build/STM32F429IDISCO/TouchGFX/generated/gui_generated/src/home_screen_screen/home_screenViewBase.o
                0x08000718                touchgfx::Drawable::setXY(short, short)
 .text._ZN8touchgfx8Drawable8setWidthEs
                0x08000732        0x4 TouchGFX/build/STM32F429IDISCO/TouchGFX/generated/gui_generated/src/home_screen_screen/home_screenViewBase.o
                0x08000732                touchgfx::Drawable::setWidth(short)
 .text._ZN8touchgfx8Drawable9setHeightEs
                0x08000736        0x4 TouchGFX/build/STM32F429IDISCO/TouchGFX/generated/gui_generated/src/home_screen_screen/home_screenViewBase.o
                0x08000736                touchgfx::Drawable::setHeight(short)
 .text._ZN8touchgfx8Drawable20childGeometryChangedEv
                0x0800073a        0x2 TouchGFX/build/STM32F429IDISCO/TouchGFX/generated/gui_generated/src/home_screen_screen/home_screenViewBase.o
                0x0800073a                touchgfx::Drawable::childGeometryChanged()
 .text._ZN8touchgfx8Drawable16handleClickEventERKNS_10ClickEventE
                0x0800073c        0x2 TouchGFX/build/STM32F429IDISCO/TouchGFX/generated/gui_generated/src/home_screen_screen/home_screenViewBase.o
                0x0800073c                touchgfx::Drawable::handleClickEvent(touchgfx::ClickEvent const&)
 .text._ZN8touchgfx8Drawable18handleGestureEventERKNS_12GestureEventE
                0x0800073e        0x2 TouchGFX/build/STM32F429IDISCO/TouchGFX/generated/gui_generated/src/home_screen_screen/home_screenViewBase.o
                0x0800073e                touchgfx::Drawable::handleGestureEvent(touchgfx::GestureEvent const&)
 .text._ZN8touchgfx8Drawable15handleDragEventERKNS_9DragEventE
                0x08000740        0x2 TouchGFX/build/STM32F429IDISCO/TouchGFX/generated/gui_generated/src/home_screen_screen/home_screenViewBase.o
                0x08000740                touchgfx::Drawable::handleDragEvent(touchgfx::DragEvent const&)
 .text._ZN8touchgfx8Drawable15handleTickEventEv
                0x08000742        0x2 TouchGFX/build/STM32F429IDISCO/TouchGFX/generated/gui_generated/src/home_screen_screen/home_screenViewBase.o
                0x08000742                touchgfx::Drawable::handleTickEvent()
 .text._ZN8touchgfx8Drawable6moveToEss
                0x08000744       0x18 TouchGFX/build/STM32F429IDISCO/TouchGFX/generated/gui_generated/src/home_screen_screen/home_screenViewBase.o
                0x08000744                touchgfx::Drawable::moveTo(short, short)
 .text._ZN8touchgfx8Drawable14setupDrawChainERKNS_4RectEPPS0_
                0x0800075c       0x14 TouchGFX/build/STM32F429IDISCO/TouchGFX/generated/gui_generated/src/home_screen_screen/home_screenViewBase.o
                0x0800075c                touchgfx::Drawable::setupDrawChain(touchgfx::Rect const&, touchgfx::Drawable**)
 .text._ZN8touchgfx6Screen11setupScreenEv
                0x08000770        0x2 TouchGFX/build/STM32F429IDISCO/TouchGFX/generated/gui_generated/src/home_screen_screen/home_screenViewBase.o
                0x08000770                touchgfx::Screen::setupScreen()
 .text._ZN8touchgfx6Screen14tearDownScreenEv
                0x08000772        0x2 TouchGFX/build/STM32F429IDISCO/TouchGFX/generated/gui_generated/src/home_screen_screen/home_screenViewBase.o
                0x08000772                touchgfx::Screen::tearDownScreen()
 .text._ZN8touchgfx6Widget12getLastChildEssPPNS_8DrawableE
                0x08000774       0x10 TouchGFX/build/STM32F429IDISCO/TouchGFX/generated/gui_generated/src/home_screen_screen/home_screenViewBase.o
                0x08000774                touchgfx::Widget::getLastChild(short, short, touchgfx::Drawable**)
 .text._ZN19home_screenViewBaseD2Ev
                0x08000784        0x2 TouchGFX/build/STM32F429IDISCO/TouchGFX/generated/gui_generated/src/home_screen_screen/home_screenViewBase.o
                0x08000784                home_screenViewBase::~home_screenViewBase()
                0x08000784                home_screenViewBase::~home_screenViewBase()
 .text._ZN19home_screenViewBase11setupScreenEv
                0x08000786        0x2 TouchGFX/build/STM32F429IDISCO/TouchGFX/generated/gui_generated/src/home_screen_screen/home_screenViewBase.o
                0x08000786                home_screenViewBase::setupScreen()
 .text._ZN8touchgfx15IconButtonStyleINS_18TouchButtonTriggerEED2Ev
                0x08000788        0x2 TouchGFX/build/STM32F429IDISCO/TouchGFX/generated/gui_generated/src/home_screen_screen/home_screenViewBase.o
                0x08000788                touchgfx::IconButtonStyle<touchgfx::TouchButtonTrigger>::~IconButtonStyle()
                0x08000788                touchgfx::IconButtonStyle<touchgfx::TouchButtonTrigger>::~IconButtonStyle()
 .text._ZN8touchgfx8CallbackI19home_screenViewBaseRKNS_23AbstractButtonContainerEvvED2Ev
                0x0800078a        0x2 TouchGFX/build/STM32F429IDISCO/TouchGFX/generated/gui_generated/src/home_screen_screen/home_screenViewBase.o
                0x0800078a                touchgfx::Callback<home_screenViewBase, touchgfx::AbstractButtonContainer const&, void, void>::~Callback()
                0x0800078a                touchgfx::Callback<home_screenViewBase, touchgfx::AbstractButtonContainer const&, void, void>::~Callback()
 .text._ZN8touchgfx8CallbackI19home_screenViewBaseRKNS_23AbstractButtonContainerEvvE7executeES4_
                0x0800078c       0x1e TouchGFX/build/STM32F429IDISCO/TouchGFX/generated/gui_generated/src/home_screen_screen/home_screenViewBase.o
                0x0800078c                touchgfx::Callback<home_screenViewBase, touchgfx::AbstractButtonContainer const&, void, void>::execute(touchgfx::AbstractButtonContainer const&)
 .text._ZNK8touchgfx8CallbackI19home_screenViewBaseRKNS_23AbstractButtonContainerEvvE7isValidEv
                0x080007aa       0x18 TouchGFX/build/STM32F429IDISCO/TouchGFX/generated/gui_generated/src/home_screen_screen/home_screenViewBase.o
                0x080007aa                touchgfx::Callback<home_screenViewBase, touchgfx::AbstractButtonContainer const&, void, void>::isValid() const
 .text._ZN8touchgfx15IconButtonStyleINS_18TouchButtonTriggerEE18handleAlphaUpdatedEv
                0x080007c2        0xa TouchGFX/build/STM32F429IDISCO/TouchGFX/generated/gui_generated/src/home_screen_screen/home_screenViewBase.o
                0x080007c2                touchgfx::IconButtonStyle<touchgfx::TouchButtonTrigger>::handleAlphaUpdated()
 .text._ZN8touchgfx15IconButtonStyleINS_18TouchButtonTriggerEE20handlePressedUpdatedEv
                0x080007cc       0x14 TouchGFX/build/STM32F429IDISCO/TouchGFX/generated/gui_generated/src/home_screen_screen/home_screenViewBase.o
                0x080007cc                touchgfx::IconButtonStyle<touchgfx::TouchButtonTrigger>::handlePressedUpdated()
 .text._ZN8touchgfx15IconButtonStyleINS_18TouchButtonTriggerEED0Ev
                0x080007e0        0xe TouchGFX/build/STM32F429IDISCO/TouchGFX/generated/gui_generated/src/home_screen_screen/home_screenViewBase.o
                0x080007e0                touchgfx::IconButtonStyle<touchgfx::TouchButtonTrigger>::~IconButtonStyle()
 .text._ZN8touchgfx8CallbackI19home_screenViewBaseRKNS_23AbstractButtonContainerEvvED0Ev
                0x080007ee        0xe TouchGFX/build/STM32F429IDISCO/TouchGFX/generated/gui_generated/src/home_screen_screen/home_screenViewBase.o
                0x080007ee                touchgfx::Callback<home_screenViewBase, touchgfx::AbstractButtonContainer const&, void, void>::~Callback()
 .text._ZN19home_screenViewBaseD0Ev
                0x080007fc        0xe TouchGFX/build/STM32F429IDISCO/TouchGFX/generated/gui_generated/src/home_screen_screen/home_screenViewBase.o
                0x080007fc                home_screenViewBase::~home_screenViewBase()
 .text._ZN8touchgfx15IconButtonStyleINS_18TouchButtonTriggerEE14setIconBitmapsERKNS_6BitmapES5_
                0x0800080a       0x58 TouchGFX/build/STM32F429IDISCO/TouchGFX/generated/gui_generated/src/home_screen_screen/home_screenViewBase.o
                0x0800080a                touchgfx::IconButtonStyle<touchgfx::TouchButtonTrigger>::setIconBitmaps(touchgfx::Bitmap const&, touchgfx::Bitmap const&)
 .text._ZN8touchgfx18TouchButtonTrigger16handleClickEventERKNS_10ClickEventE
                0x08000862       0x52 TouchGFX/build/STM32F429IDISCO/TouchGFX/generated/gui_generated/src/home_screen_screen/home_screenViewBase.o
                0x08000862                touchgfx::TouchButtonTrigger::handleClickEvent(touchgfx::ClickEvent const&)
 .text._ZN19home_screenViewBase25flexButtonCallbackHandlerERKN8touchgfx23AbstractButtonContainerE
                0x080008b4       0x16 TouchGFX/build/STM32F429IDISCO/TouchGFX/generated/gui_generated/src/home_screen_screen/home_screenViewBase.o
                0x080008b4                home_screenViewBase::flexButtonCallbackHandler(touchgfx::AbstractButtonContainer const&)
 *fill*         0x080008ca        0x2 
 .text._ZN8touchgfx5ImageC2ERKNS_6BitmapE
                0x080008cc       0x40 TouchGFX/build/STM32F429IDISCO/TouchGFX/generated/gui_generated/src/home_screen_screen/home_screenViewBase.o
                0x080008cc                touchgfx::Image::Image(touchgfx::Bitmap const&)
                0x080008cc                touchgfx::Image::Image(touchgfx::Bitmap const&)
 .text._ZN19home_screenViewBaseC2Ev
                0x0800090c      0x110 TouchGFX/build/STM32F429IDISCO/TouchGFX/generated/gui_generated/src/home_screen_screen/home_screenViewBase.o
                0x0800090c                home_screenViewBase::home_screenViewBase()
                0x0800090c                home_screenViewBase::home_screenViewBase()
 .text._ZN20start_screenViewBase11setupScreenEv
                0x08000a1c        0x2 TouchGFX/build/STM32F429IDISCO/TouchGFX/generated/gui_generated/src/start_screen_screen/start_screenViewBase.o
                0x08000a1c                start_screenViewBase::setupScreen()
 .text._ZN8touchgfx8CallbackI20start_screenViewBaseRKNS_23AbstractButtonContainerEvvED2Ev
                0x08000a1e        0x2 TouchGFX/build/STM32F429IDISCO/TouchGFX/generated/gui_generated/src/start_screen_screen/start_screenViewBase.o
                0x08000a1e                touchgfx::Callback<start_screenViewBase, touchgfx::AbstractButtonContainer const&, void, void>::~Callback()
                0x08000a1e                touchgfx::Callback<start_screenViewBase, touchgfx::AbstractButtonContainer const&, void, void>::~Callback()
 .text._ZN8touchgfx8CallbackI20start_screenViewBaseRKNS_23AbstractButtonContainerEvvE7executeES4_
                0x08000a20       0x1e TouchGFX/build/STM32F429IDISCO/TouchGFX/generated/gui_generated/src/start_screen_screen/start_screenViewBase.o
                0x08000a20                touchgfx::Callback<start_screenViewBase, touchgfx::AbstractButtonContainer const&, void, void>::execute(touchgfx::AbstractButtonContainer const&)
 .text._ZNK8touchgfx8CallbackI20start_screenViewBaseRKNS_23AbstractButtonContainerEvvE7isValidEv
                0x08000a3e       0x18 TouchGFX/build/STM32F429IDISCO/TouchGFX/generated/gui_generated/src/start_screen_screen/start_screenViewBase.o
                0x08000a3e                touchgfx::Callback<start_screenViewBase, touchgfx::AbstractButtonContainer const&, void, void>::isValid() const
 .text._ZN8touchgfx8CallbackI20start_screenViewBaseRKNS_23AbstractButtonContainerEvvED0Ev
                0x08000a56        0xe TouchGFX/build/STM32F429IDISCO/TouchGFX/generated/gui_generated/src/start_screen_screen/start_screenViewBase.o
                0x08000a56                touchgfx::Callback<start_screenViewBase, touchgfx::AbstractButtonContainer const&, void, void>::~Callback()
 .text._ZN20start_screenViewBase25flexButtonCallbackHandlerERKN8touchgfx23AbstractButtonContainerE
                0x08000a64       0x16 TouchGFX/build/STM32F429IDISCO/TouchGFX/generated/gui_generated/src/start_screen_screen/start_screenViewBase.o
                0x08000a64                start_screenViewBase::flexButtonCallbackHandler(touchgfx::AbstractButtonContainer const&)
 *fill*         0x08000a7a        0x2 
 .text._ZN8touchgfx8DrawableC2Ev
                0x08000a7c       0x2c TouchGFX/build/STM32F429IDISCO/TouchGFX/generated/gui_generated/src/start_screen_screen/start_screenViewBase.o
                0x08000a7c                touchgfx::Drawable::Drawable()
                0x08000a7c                touchgfx::Drawable::Drawable()
 .text._ZN20start_screenViewBaseC2Ev
                0x08000aa8      0x1d8 TouchGFX/build/STM32F429IDISCO/TouchGFX/generated/gui_generated/src/start_screen_screen/start_screenViewBase.o
                0x08000aa8                start_screenViewBase::start_screenViewBase()
                0x08000aa8                start_screenViewBase::start_screenViewBase()
 .text._ZN20start_screenViewBaseD2Ev
                0x08000c80       0x18 TouchGFX/build/STM32F429IDISCO/TouchGFX/generated/gui_generated/src/start_screen_screen/start_screenViewBase.o
                0x08000c80                start_screenViewBase::~start_screenViewBase()
                0x08000c80                start_screenViewBase::~start_screenViewBase()
 .text._ZN20start_screenViewBaseD0Ev
                0x08000c98       0x16 TouchGFX/build/STM32F429IDISCO/TouchGFX/generated/gui_generated/src/start_screen_screen/start_screenViewBase.o
                0x08000c98                start_screenViewBase::~start_screenViewBase()
 .text._ZN8touchgfx10Transition8tearDownEv
                0x08000cae        0x2 TouchGFX/build/STM32F429IDISCO/TouchGFX/generated/gui_generated/src/common/FrontendApplicationBase.o
                0x08000cae                touchgfx::Transition::tearDown()
 .text._ZN8touchgfx10Transition4initEv
                0x08000cb0        0x2 TouchGFX/build/STM32F429IDISCO/TouchGFX/generated/gui_generated/src/common/FrontendApplicationBase.o
                0x08000cb0                touchgfx::Transition::init()
 .text._ZN8touchgfx10Transition18setScreenContainerERNS_9ContainerE
                0x08000cb2        0x4 TouchGFX/build/STM32F429IDISCO/TouchGFX/generated/gui_generated/src/common/FrontendApplicationBase.o
                0x08000cb2                touchgfx::Transition::setScreenContainer(touchgfx::Container&)
 .text._ZN23FrontendApplicationBaseD2Ev
                0x08000cb6        0x2 TouchGFX/build/STM32F429IDISCO/TouchGFX/generated/gui_generated/src/common/FrontendApplicationBase.o
                0x08000cb6                FrontendApplicationBase::~FrontendApplicationBase()
                0x08000cb6                FrontendApplicationBase::~FrontendApplicationBase()
 .text._ZN8touchgfx12NoTransitionD2Ev
                0x08000cb8        0x2 TouchGFX/build/STM32F429IDISCO/TouchGFX/generated/gui_generated/src/common/FrontendApplicationBase.o
                0x08000cb8                touchgfx::NoTransition::~NoTransition()
                0x08000cb8                touchgfx::NoTransition::~NoTransition()
 .text._ZN8touchgfx12NoTransition15handleTickEventEv
                0x08000cba        0x6 TouchGFX/build/STM32F429IDISCO/TouchGFX/generated/gui_generated/src/common/FrontendApplicationBase.o
                0x08000cba                touchgfx::NoTransition::handleTickEvent()
 .text._ZN8touchgfx8CallbackINS_15SlideTransitionILNS_9DirectionE2EEERNS_8DrawableEvvED2Ev
                0x08000cc0        0x2 TouchGFX/build/STM32F429IDISCO/TouchGFX/generated/gui_generated/src/common/FrontendApplicationBase.o
                0x08000cc0                touchgfx::Callback<touchgfx::SlideTransition<(touchgfx::Direction)2>, touchgfx::Drawable&, void, void>::~Callback()
                0x08000cc0                touchgfx::Callback<touchgfx::SlideTransition<(touchgfx::Direction)2>, touchgfx::Drawable&, void, void>::~Callback()
 .text._ZN8touchgfx8CallbackINS_15CoverTransitionILNS_9DirectionE2EEERNS_8DrawableEvvED2Ev
                0x08000cc2        0x2 TouchGFX/build/STM32F429IDISCO/TouchGFX/generated/gui_generated/src/common/FrontendApplicationBase.o
                0x08000cc2                touchgfx::Callback<touchgfx::CoverTransition<(touchgfx::Direction)2>, touchgfx::Drawable&, void, void>::~Callback()
                0x08000cc2                touchgfx::Callback<touchgfx::CoverTransition<(touchgfx::Direction)2>, touchgfx::Drawable&, void, void>::~Callback()
 .text._ZN8touchgfx15CoverTransitionILNS_9DirectionE2EE13FullSolidRectD2Ev
                0x08000cc4        0x2 TouchGFX/build/STM32F429IDISCO/TouchGFX/generated/gui_generated/src/common/FrontendApplicationBase.o
                0x08000cc4                touchgfx::CoverTransition<(touchgfx::Direction)2>::FullSolidRect::~FullSolidRect()
                0x08000cc4                touchgfx::CoverTransition<(touchgfx::Direction)2>::FullSolidRect::~FullSolidRect()
 .text._ZN8touchgfx8CallbackI23FrontendApplicationBasevvvED2Ev
                0x08000cc6        0x2 TouchGFX/build/STM32F429IDISCO/TouchGFX/generated/gui_generated/src/common/FrontendApplicationBase.o
                0x08000cc6                touchgfx::Callback<FrontendApplicationBase, void, void, void>::~Callback()
                0x08000cc6                touchgfx::Callback<FrontendApplicationBase, void, void, void>::~Callback()
 .text._ZN8touchgfx8CallbackINS_15SlideTransitionILNS_9DirectionE2EEERNS_8DrawableEvvE7executeES5_
                0x08000cc8       0x1e TouchGFX/build/STM32F429IDISCO/TouchGFX/generated/gui_generated/src/common/FrontendApplicationBase.o
                0x08000cc8                touchgfx::Callback<touchgfx::SlideTransition<(touchgfx::Direction)2>, touchgfx::Drawable&, void, void>::execute(touchgfx::Drawable&)
 .text._ZNK8touchgfx8CallbackINS_15SlideTransitionILNS_9DirectionE2EEERNS_8DrawableEvvE7isValidEv
                0x08000ce6       0x18 TouchGFX/build/STM32F429IDISCO/TouchGFX/generated/gui_generated/src/common/FrontendApplicationBase.o
                0x08000ce6                touchgfx::Callback<touchgfx::SlideTransition<(touchgfx::Direction)2>, touchgfx::Drawable&, void, void>::isValid() const
 .text._ZN8touchgfx15CoverTransitionILNS_9DirectionE2EED2Ev
                0x08000cfe        0x2 TouchGFX/build/STM32F429IDISCO/TouchGFX/generated/gui_generated/src/common/FrontendApplicationBase.o
                0x08000cfe                touchgfx::CoverTransition<(touchgfx::Direction)2>::~CoverTransition()
                0x08000cfe                touchgfx::CoverTransition<(touchgfx::Direction)2>::~CoverTransition()
 .text._ZN8touchgfx15CoverTransitionILNS_9DirectionE2EE8tearDownEv
                0x08000d00        0xe TouchGFX/build/STM32F429IDISCO/TouchGFX/generated/gui_generated/src/common/FrontendApplicationBase.o
                0x08000d00                touchgfx::CoverTransition<(touchgfx::Direction)2>::tearDown()
 *fill*         0x08000d0e        0x2 
 .text._ZN8touchgfx15CoverTransitionILNS_9DirectionE2EE4initEv
                0x08000d10       0x30 TouchGFX/build/STM32F429IDISCO/TouchGFX/generated/gui_generated/src/common/FrontendApplicationBase.o
                0x08000d10                touchgfx::CoverTransition<(touchgfx::Direction)2>::init()
 .text._ZNK8touchgfx15CoverTransitionILNS_9DirectionE2EE13FullSolidRect4drawERKNS_4RectE
                0x08000d40        0x2 TouchGFX/build/STM32F429IDISCO/TouchGFX/generated/gui_generated/src/common/FrontendApplicationBase.o
                0x08000d40                touchgfx::CoverTransition<(touchgfx::Direction)2>::FullSolidRect::draw(touchgfx::Rect const&) const
 *fill*         0x08000d42        0x2 
 .text._ZNK8touchgfx15CoverTransitionILNS_9DirectionE2EE13FullSolidRect12getSolidRectEv
                0x08000d44       0x24 TouchGFX/build/STM32F429IDISCO/TouchGFX/generated/gui_generated/src/common/FrontendApplicationBase.o
                0x08000d44                touchgfx::CoverTransition<(touchgfx::Direction)2>::FullSolidRect::getSolidRect() const
 .text._ZN8touchgfx8CallbackINS_15CoverTransitionILNS_9DirectionE2EEERNS_8DrawableEvvE7executeES5_
                0x08000d68       0x1e TouchGFX/build/STM32F429IDISCO/TouchGFX/generated/gui_generated/src/common/FrontendApplicationBase.o
                0x08000d68                touchgfx::Callback<touchgfx::CoverTransition<(touchgfx::Direction)2>, touchgfx::Drawable&, void, void>::execute(touchgfx::Drawable&)
 .text._ZNK8touchgfx8CallbackINS_15CoverTransitionILNS_9DirectionE2EEERNS_8DrawableEvvE7isValidEv
                0x08000d86       0x18 TouchGFX/build/STM32F429IDISCO/TouchGFX/generated/gui_generated/src/common/FrontendApplicationBase.o
                0x08000d86                touchgfx::Callback<touchgfx::CoverTransition<(touchgfx::Direction)2>, touchgfx::Drawable&, void, void>::isValid() const
 .text._ZN8touchgfx8CallbackI23FrontendApplicationBasevvvE7executeEv
                0x08000d9e       0x20 TouchGFX/build/STM32F429IDISCO/TouchGFX/generated/gui_generated/src/common/FrontendApplicationBase.o
                0x08000d9e                touchgfx::Callback<FrontendApplicationBase, void, void, void>::execute()
 .text._ZNK8touchgfx8CallbackI23FrontendApplicationBasevvvE7isValidEv
                0x08000dbe       0x18 TouchGFX/build/STM32F429IDISCO/TouchGFX/generated/gui_generated/src/common/FrontendApplicationBase.o
                0x08000dbe                touchgfx::Callback<FrontendApplicationBase, void, void, void>::isValid() const
 .text._ZN8touchgfx12NoTransitionD0Ev
                0x08000dd6        0xe TouchGFX/build/STM32F429IDISCO/TouchGFX/generated/gui_generated/src/common/FrontendApplicationBase.o
                0x08000dd6                touchgfx::NoTransition::~NoTransition()
 .text._ZN23FrontendApplicationBaseD0Ev
                0x08000de4       0x10 TouchGFX/build/STM32F429IDISCO/TouchGFX/generated/gui_generated/src/common/FrontendApplicationBase.o
                0x08000de4                FrontendApplicationBase::~FrontendApplicationBase()
 .text._ZN8touchgfx8CallbackI23FrontendApplicationBasevvvED0Ev
                0x08000df4        0xe TouchGFX/build/STM32F429IDISCO/TouchGFX/generated/gui_generated/src/common/FrontendApplicationBase.o
                0x08000df4                touchgfx::Callback<FrontendApplicationBase, void, void, void>::~Callback()
 .text._ZN8touchgfx15CoverTransitionILNS_9DirectionE2EE13FullSolidRectD0Ev
                0x08000e02        0xe TouchGFX/build/STM32F429IDISCO/TouchGFX/generated/gui_generated/src/common/FrontendApplicationBase.o
                0x08000e02                touchgfx::CoverTransition<(touchgfx::Direction)2>::FullSolidRect::~FullSolidRect()
 .text._ZN8touchgfx8CallbackINS_15SlideTransitionILNS_9DirectionE2EEERNS_8DrawableEvvED0Ev
                0x08000e10        0xe TouchGFX/build/STM32F429IDISCO/TouchGFX/generated/gui_generated/src/common/FrontendApplicationBase.o
                0x08000e10                touchgfx::Callback<touchgfx::SlideTransition<(touchgfx::Direction)2>, touchgfx::Drawable&, void, void>::~Callback()
 .text._ZN8touchgfx15CoverTransitionILNS_9DirectionE2EED0Ev
                0x08000e1e        0xe TouchGFX/build/STM32F429IDISCO/TouchGFX/generated/gui_generated/src/common/FrontendApplicationBase.o
                0x08000e1e                touchgfx::CoverTransition<(touchgfx::Direction)2>::~CoverTransition()
 .text._ZN8touchgfx8CallbackINS_15CoverTransitionILNS_9DirectionE2EEERNS_8DrawableEvvED0Ev
                0x08000e2c        0xe TouchGFX/build/STM32F429IDISCO/TouchGFX/generated/gui_generated/src/common/FrontendApplicationBase.o
                0x08000e2c                touchgfx::Callback<touchgfx::CoverTransition<(touchgfx::Direction)2>, touchgfx::Drawable&, void, void>::~Callback()
 .text._ZN8touchgfxL17prepareTransitionEPPNS_6ScreenEPPNS_9PresenterEPPNS_10TransitionE
                0x08000e3a       0x52 TouchGFX/build/STM32F429IDISCO/TouchGFX/generated/gui_generated/src/common/FrontendApplicationBase.o
 .text._ZN8touchgfxL18finalizeTransitionEPNS_6ScreenEPNS_9PresenterEPNS_10TransitionE
                0x08000e8c       0x34 TouchGFX/build/STM32F429IDISCO/TouchGFX/generated/gui_generated/src/common/FrontendApplicationBase.o
 .text._ZN8touchgfx15SlideTransitionILNS_9DirectionE2EE16tickMoveDrawableERNS_8DrawableE
                0x08000ec0       0x44 TouchGFX/build/STM32F429IDISCO/TouchGFX/generated/gui_generated/src/common/FrontendApplicationBase.o
                0x08000ec0                touchgfx::SlideTransition<(touchgfx::Direction)2>::tickMoveDrawable(touchgfx::Drawable&)
 .text._ZN8touchgfx15CoverTransitionILNS_9DirectionE2EE16tickMoveDrawableERNS_8DrawableE
                0x08000f04       0x3c TouchGFX/build/STM32F429IDISCO/TouchGFX/generated/gui_generated/src/common/FrontendApplicationBase.o
                0x08000f04                touchgfx::CoverTransition<(touchgfx::Direction)2>::tickMoveDrawable(touchgfx::Drawable&)
 .text._ZN8touchgfx15SlideTransitionILNS_9DirectionE2EE8tearDownEv
                0x08000f40       0x1c TouchGFX/build/STM32F429IDISCO/TouchGFX/generated/gui_generated/src/common/FrontendApplicationBase.o
                0x08000f40                touchgfx::SlideTransition<(touchgfx::Direction)2>::tearDown()
 .text._ZN8touchgfx15SlideTransitionILNS_9DirectionE2EE16initMoveDrawableERNS_8DrawableE.part.3
                0x08000f5c       0x14 TouchGFX/build/STM32F429IDISCO/TouchGFX/generated/gui_generated/src/common/FrontendApplicationBase.o
 .text._ZN8touchgfx15SlideTransitionILNS_9DirectionE2EE16initMoveDrawableERNS_8DrawableE
                0x08000f70       0x60 TouchGFX/build/STM32F429IDISCO/TouchGFX/generated/gui_generated/src/common/FrontendApplicationBase.o
                0x08000f70                touchgfx::SlideTransition<(touchgfx::Direction)2>::initMoveDrawable(touchgfx::Drawable&)
 .text._ZN8touchgfx15CoverTransitionILNS_9DirectionE2EE16initMoveDrawableERNS_8DrawableE
                0x08000fd0       0x60 TouchGFX/build/STM32F429IDISCO/TouchGFX/generated/gui_generated/src/common/FrontendApplicationBase.o
                0x08000fd0                touchgfx::CoverTransition<(touchgfx::Direction)2>::initMoveDrawable(touchgfx::Drawable&)
 .text._ZN8touchgfx15SlideTransitionILNS_9DirectionE2EE15handleTickEventEv
                0x08001030       0xac TouchGFX/build/STM32F429IDISCO/TouchGFX/generated/gui_generated/src/common/FrontendApplicationBase.o
                0x08001030                touchgfx::SlideTransition<(touchgfx::Direction)2>::handleTickEvent()
 .text._ZN8touchgfx15SlideTransitionILNS_9DirectionE2EE4initEv
                0x080010dc       0x3c TouchGFX/build/STM32F429IDISCO/TouchGFX/generated/gui_generated/src/common/FrontendApplicationBase.o
                0x080010dc                touchgfx::SlideTransition<(touchgfx::Direction)2>::init()
 .text._ZN8touchgfx3HAL3lcdEv
                0x08001118       0x18 TouchGFX/build/STM32F429IDISCO/TouchGFX/generated/gui_generated/src/common/FrontendApplicationBase.o
                0x08001118                touchgfx::HAL::lcd()
 .text._ZN8touchgfx15CoverTransitionILNS_9DirectionE2EE15handleTickEventEv
                0x08001130      0x104 TouchGFX/build/STM32F429IDISCO/TouchGFX/generated/gui_generated/src/common/FrontendApplicationBase.o
                0x08001130                touchgfx::CoverTransition<(touchgfx::Direction)2>::handleTickEvent()
 .text._ZN23FrontendApplicationBaseC2ER5ModelR12FrontendHeap
                0x08001234       0x68 TouchGFX/build/STM32F429IDISCO/TouchGFX/generated/gui_generated/src/common/FrontendApplicationBase.o
                0x08001234                FrontendApplicationBase::FrontendApplicationBase(Model&, FrontendHeap&)
                0x08001234                FrontendApplicationBase::FrontendApplicationBase(Model&, FrontendHeap&)
 .text._ZN23FrontendApplicationBase34gotostart_screenScreenNoTransitionEv
                0x0800129c       0x20 TouchGFX/build/STM32F429IDISCO/TouchGFX/generated/gui_generated/src/common/FrontendApplicationBase.o
                0x0800129c                FrontendApplicationBase::gotostart_screenScreenNoTransition()
 .text._ZN23FrontendApplicationBase41gotostart_screenScreenSlideTransitionEastEv
                0x080012bc       0x20 TouchGFX/build/STM32F429IDISCO/TouchGFX/generated/gui_generated/src/common/FrontendApplicationBase.o
                0x080012bc                FrontendApplicationBase::gotostart_screenScreenSlideTransitionEast()
 .text._ZN23FrontendApplicationBase40gotohome_screenScreenCoverTransitionEastEv
                0x080012dc       0x20 TouchGFX/build/STM32F429IDISCO/TouchGFX/generated/gui_generated/src/common/FrontendApplicationBase.o
                0x080012dc                FrontendApplicationBase::gotohome_screenScreenCoverTransitionEast()
 .text._ZN8touchgfx14makeTransitionI16start_screenView21start_screenPresenterNS_12NoTransitionE5ModelEEPT0_PPNS_6ScreenEPPNS_9PresenterERNS_7MVPHeapEPPNS_10TransitionEPT2_
                0x080012fc       0xdc TouchGFX/build/STM32F429IDISCO/TouchGFX/generated/gui_generated/src/common/FrontendApplicationBase.o
                0x080012fc                start_screenPresenter* touchgfx::makeTransition<start_screenView, start_screenPresenter, touchgfx::NoTransition, Model>(touchgfx::Screen**, touchgfx::Presenter**, touchgfx::MVPHeap&, touchgfx::Transition**, Model*)
 .text._ZN23FrontendApplicationBase38gotostart_screenScreenNoTransitionImplEv
                0x080013d8       0x28 TouchGFX/build/STM32F429IDISCO/TouchGFX/generated/gui_generated/src/common/FrontendApplicationBase.o
                0x080013d8                FrontendApplicationBase::gotostart_screenScreenNoTransitionImpl()
 .text._ZN8touchgfx14makeTransitionI15home_screenView20home_screenPresenterNS_15CoverTransitionILNS_9DirectionE2EEE5ModelEEPT0_PPNS_6ScreenEPPNS_9PresenterERNS_7MVPHeapEPPNS_10TransitionEPT2_
                0x08001400      0x148 TouchGFX/build/STM32F429IDISCO/TouchGFX/generated/gui_generated/src/common/FrontendApplicationBase.o
                0x08001400                home_screenPresenter* touchgfx::makeTransition<home_screenView, home_screenPresenter, touchgfx::CoverTransition<(touchgfx::Direction)2>, Model>(touchgfx::Screen**, touchgfx::Presenter**, touchgfx::MVPHeap&, touchgfx::Transition**, Model*)
 .text._ZN23FrontendApplicationBase44gotohome_screenScreenCoverTransitionEastImplEv
                0x08001548       0x28 TouchGFX/build/STM32F429IDISCO/TouchGFX/generated/gui_generated/src/common/FrontendApplicationBase.o
                0x08001548                FrontendApplicationBase::gotohome_screenScreenCoverTransitionEastImpl()
 .text._ZN8touchgfx15SlideTransitionILNS_9DirectionE2EED2Ev
                0x08001570       0x18 TouchGFX/build/STM32F429IDISCO/TouchGFX/generated/gui_generated/src/common/FrontendApplicationBase.o
                0x08001570                touchgfx::SlideTransition<(touchgfx::Direction)2>::~SlideTransition()
                0x08001570                touchgfx::SlideTransition<(touchgfx::Direction)2>::~SlideTransition()
 .text._ZN8touchgfx15SlideTransitionILNS_9DirectionE2EED0Ev
                0x08001588       0x14 TouchGFX/build/STM32F429IDISCO/TouchGFX/generated/gui_generated/src/common/FrontendApplicationBase.o
                0x08001588                touchgfx::SlideTransition<(touchgfx::Direction)2>::~SlideTransition()
 .text._ZN8touchgfx14makeTransitionI16start_screenView21start_screenPresenterNS_15SlideTransitionILNS_9DirectionE2EEE5ModelEEPT0_PPNS_6ScreenEPPNS_9PresenterERNS_7MVPHeapEPPNS_10TransitionEPT2_
                0x0800159c      0x174 TouchGFX/build/STM32F429IDISCO/TouchGFX/generated/gui_generated/src/common/FrontendApplicationBase.o
                0x0800159c                start_screenPresenter* touchgfx::makeTransition<start_screenView, start_screenPresenter, touchgfx::SlideTransition<(touchgfx::Direction)2>, Model>(touchgfx::Screen**, touchgfx::Presenter**, touchgfx::MVPHeap&, touchgfx::Transition**, Model*)
 .text._ZN23FrontendApplicationBase45gotostart_screenScreenSlideTransitionEastImplEv
                0x08001710       0x28 TouchGFX/build/STM32F429IDISCO/TouchGFX/generated/gui_generated/src/common/FrontendApplicationBase.o
                0x08001710                FrontendApplicationBase::gotostart_screenScreenSlideTransitionEastImpl()
 .text._ZNK8touchgfx4Font8getGlyphEt
                0x08001738       0x18 TouchGFX/build/STM32F429IDISCO/TouchGFX/generated/fonts/src/GeneratedFont.o
                0x08001738                touchgfx::Font::getGlyph(unsigned short) const
 .text._ZNK8touchgfx4Font15getFallbackCharEv
                0x08001750        0x4 TouchGFX/build/STM32F429IDISCO/TouchGFX/generated/fonts/src/GeneratedFont.o
                0x08001750                touchgfx::Font::getFallbackChar() const
 .text._ZNK8touchgfx4Font15getEllipsisCharEv
                0x08001754        0x4 TouchGFX/build/STM32F429IDISCO/TouchGFX/generated/fonts/src/GeneratedFont.o
                0x08001754                touchgfx::Font::getEllipsisChar() const
 .text._ZNK8touchgfx4Font13getFontHeightEv
                0x08001758        0x4 TouchGFX/build/STM32F429IDISCO/TouchGFX/generated/fonts/src/GeneratedFont.o
                0x08001758                touchgfx::Font::getFontHeight() const
 .text._ZNK8touchgfx4Font20getMinimumTextHeightEv
                0x0800175c        0xa TouchGFX/build/STM32F429IDISCO/TouchGFX/generated/fonts/src/GeneratedFont.o
                0x0800175c                touchgfx::Font::getMinimumTextHeight() const
 .text._ZNK8touchgfx4Font15getBitsPerPixelEv
                0x08001766        0x8 TouchGFX/build/STM32F429IDISCO/TouchGFX/generated/fonts/src/GeneratedFont.o
                0x08001766                touchgfx::Font::getBitsPerPixel() const
 .text._ZNK8touchgfx4Font15getDataFormatA4Ev
                0x0800176e        0x6 TouchGFX/build/STM32F429IDISCO/TouchGFX/generated/fonts/src/GeneratedFont.o
                0x0800176e                touchgfx::Font::getDataFormatA4() const
 .text._ZNK8touchgfx13GeneratedFont12getGSUBTableEv
                0x08001774        0x4 TouchGFX/build/STM32F429IDISCO/TouchGFX/generated/fonts/src/GeneratedFont.o
                0x08001774                touchgfx::GeneratedFont::getGSUBTable() const
 .text._ZN8touchgfx13GeneratedFontD2Ev
                0x08001778        0x2 TouchGFX/build/STM32F429IDISCO/TouchGFX/generated/fonts/src/GeneratedFont.o
                0x08001778                touchgfx::GeneratedFont::~GeneratedFont()
                0x08001778                touchgfx::GeneratedFont::~GeneratedFont()
 .text._ZNK8touchgfx13GeneratedFont12getPixelDataEPKNS_9GlyphNodeE
                0x0800177a       0x10 TouchGFX/build/STM32F429IDISCO/TouchGFX/generated/fonts/src/GeneratedFont.o
                0x0800177a                touchgfx::GeneratedFont::getPixelData(touchgfx::GlyphNode const*) const
 .text._ZNK8touchgfx13GeneratedFont10getKerningEtPKNS_9GlyphNodeE
                0x0800178a       0x3a TouchGFX/build/STM32F429IDISCO/TouchGFX/generated/fonts/src/GeneratedFont.o
                0x0800178a                touchgfx::GeneratedFont::getKerning(unsigned short, touchgfx::GlyphNode const*) const
 .text._ZN8touchgfx13GeneratedFontD0Ev
                0x080017c4        0xe TouchGFX/build/STM32F429IDISCO/TouchGFX/generated/fonts/src/GeneratedFont.o
                0x080017c4                touchgfx::GeneratedFont::~GeneratedFont()
 *fill*         0x080017d2        0x2 
 .text._ZN8touchgfx13GeneratedFontC2EPKNS_9GlyphNodeEtthhhhhPKPKhPKNS_11KerningNodeEttPKt
                0x080017d4       0x50 TouchGFX/build/STM32F429IDISCO/TouchGFX/generated/fonts/src/GeneratedFont.o
                0x080017d4                touchgfx::GeneratedFont::GeneratedFont(touchgfx::GlyphNode const*, unsigned short, unsigned short, unsigned char, unsigned char, unsigned char, unsigned char, unsigned char, unsigned char const* const*, touchgfx::KerningNode const*, unsigned short, unsigned short, unsigned short const*)
                0x080017d4                touchgfx::GeneratedFont::GeneratedFont(touchgfx::GlyphNode const*, unsigned short, unsigned short, unsigned char, unsigned char, unsigned char, unsigned char, unsigned char, unsigned char const* const*, touchgfx::KerningNode const*, unsigned short, unsigned short, unsigned short const*)
 .text._Z23getFont_verdana_10_4bppv
                0x08001824       0x74 TouchGFX/build/STM32F429IDISCO/TouchGFX/generated/fonts/src/Table_verdana_10_4bpp.o
                0x08001824                getFont_verdana_10_4bpp()
 .text._ZNK8touchgfx9TypedText11assertValidEv
                0x08001898       0x40 TouchGFX/build/STM32F429IDISCO/TouchGFX/generated/fonts/src/FontCache.o
                0x08001898                touchgfx::TypedText::assertValid() const
 .text._Z23getFont_verdana_40_4bppv
                0x080018d8       0x78 TouchGFX/build/STM32F429IDISCO/TouchGFX/generated/fonts/src/Table_verdana_40_4bpp.o
                0x080018d8                getFont_verdana_40_4bpp()
 .text._Z23getFont_verdana_20_4bppv
                0x08001950       0x74 TouchGFX/build/STM32F429IDISCO/TouchGFX/generated/fonts/src/Table_verdana_20_4bpp.o
                0x08001950                getFont_verdana_20_4bpp()
 .text._ZN23ApplicationFontProviderD2Ev
                0x080019c4        0x2 TouchGFX/build/STM32F429IDISCO/TouchGFX/generated/fonts/src/ApplicationFontProvider.o
                0x080019c4                ApplicationFontProvider::~ApplicationFontProvider()
                0x080019c4                ApplicationFontProvider::~ApplicationFontProvider()
 .text._ZN23ApplicationFontProviderD0Ev
                0x080019c6        0xe TouchGFX/build/STM32F429IDISCO/TouchGFX/generated/fonts/src/ApplicationFontProvider.o
                0x080019c6                ApplicationFontProvider::~ApplicationFontProvider()
 .text._ZN23ApplicationFontProvider7getFontEt
                0x080019d4       0x28 TouchGFX/build/STM32F429IDISCO/TouchGFX/generated/fonts/src/ApplicationFontProvider.o
                0x080019d4                ApplicationFontProvider::getFont(unsigned short)
 .text._ZN14BitmapDatabase11getInstanceEv
                0x080019fc        0x8 TouchGFX/build/STM32F429IDISCO/TouchGFX/generated/images/src/BitmapDatabase.o
                0x080019fc                BitmapDatabase::getInstance()
 .text._ZN14BitmapDatabase15getInstanceSizeEv
                0x08001a04        0x4 TouchGFX/build/STM32F429IDISCO/TouchGFX/generated/images/src/BitmapDatabase.o
                0x08001a04                BitmapDatabase::getInstanceSize()
 .text._ZN17TypedTextDatabase15getInstanceSizeEv
                0x08001a08        0x4 TouchGFX/build/STM32F429IDISCO/TouchGFX/generated/texts/src/TypedTextDatabase.o
                0x08001a08                TypedTextDatabase::getInstanceSize()
 .text._ZN17TypedTextDatabase8getFontsEv
                0x08001a0c        0x8 TouchGFX/build/STM32F429IDISCO/TouchGFX/generated/texts/src/TypedTextDatabase.o
                0x08001a0c                TypedTextDatabase::getFonts()
 .text.startup._GLOBAL__sub_I__fonts
                0x08001a14       0x1c TouchGFX/build/STM32F429IDISCO/TouchGFX/generated/texts/src/TypedTextDatabase.o
 .text._ZN8touchgfx5Texts11setLanguageEt
                0x08001a30       0x74 TouchGFX/build/STM32F429IDISCO/TouchGFX/generated/texts/src/Texts.o
                0x08001a30                touchgfx::Texts::setLanguage(unsigned short)
 .text._ZNK8touchgfx5Texts7getTextEt
                0x08001aa4       0x1c TouchGFX/build/STM32F429IDISCO/TouchGFX/generated/texts/src/Texts.o
                0x08001aa4                touchgfx::Texts::getText(unsigned short) const
 .text._ZN8touchgfx3HAL21setDisplayOrientationENS_18DisplayOrientationE
                0x08001ac0        0xc TouchGFX/build/STM32F429IDISCO/TouchGFX/target/generated/TouchGFXGeneratedHAL.o
                0x08001ac0                touchgfx::HAL::setDisplayOrientation(touchgfx::DisplayOrientation)
 .text._ZN8touchgfx3HAL11getBlitCapsEv
                0x08001acc        0x8 TouchGFX/build/STM32F429IDISCO/TouchGFX/target/generated/TouchGFXGeneratedHAL.o
                0x08001acc                touchgfx::HAL::getBlitCaps()
 .text._ZN8touchgfx3HAL9sampleKeyERh
                0x08001ad4        0x4 TouchGFX/build/STM32F429IDISCO/TouchGFX/target/generated/TouchGFXGeneratedHAL.o
                0x08001ad4                touchgfx::HAL::sampleKey(unsigned char&)
 .text._ZN8touchgfx3HAL9taskDelayEt
                0x08001ad8        0xa TouchGFX/build/STM32F429IDISCO/TouchGFX/target/generated/TouchGFXGeneratedHAL.o
                0x08001ad8                touchgfx::HAL::taskDelay(unsigned short)
 .text._ZN8touchgfx3HAL17getTFTCurrentLineEv
                0x08001ae2        0x6 TouchGFX/build/STM32F429IDISCO/TouchGFX/target/generated/TouchGFXGeneratedHAL.o
                0x08001ae2                touchgfx::HAL::getTFTCurrentLine()
 .text._ZN8touchgfx3HAL10getDMATypeEv
                0x08001ae8        0x8 TouchGFX/build/STM32F429IDISCO/TouchGFX/target/generated/TouchGFXGeneratedHAL.o
                0x08001ae8                touchgfx::HAL::getDMAType()
 .text._ZN20TouchGFXGeneratedHAL19configureInterruptsEv
                0x08001af0       0x14 TouchGFX/build/STM32F429IDISCO/TouchGFX/target/generated/TouchGFXGeneratedHAL.o
                0x08001af0                TouchGFXGeneratedHAL::configureInterrupts()
 .text._ZN20TouchGFXGeneratedHAL28enableLCDControllerInterruptEv
                0x08001b04       0x34 TouchGFX/build/STM32F429IDISCO/TouchGFX/target/generated/TouchGFXGeneratedHAL.o
                0x08001b04                TouchGFXGeneratedHAL::enableLCDControllerInterrupt()
 .text._ZNK20TouchGFXGeneratedHAL17getTFTFrameBufferEv
                0x08001b38        0xc TouchGFX/build/STM32F429IDISCO/TouchGFX/target/generated/TouchGFXGeneratedHAL.o
                0x08001b38                TouchGFXGeneratedHAL::getTFTFrameBuffer() const
 .text._ZN20TouchGFXGeneratedHAL17setTFTFrameBufferEPt
                0x08001b44       0x10 TouchGFX/build/STM32F429IDISCO/TouchGFX/target/generated/TouchGFXGeneratedHAL.o
                0x08001b44                TouchGFXGeneratedHAL::setTFTFrameBuffer(unsigned short*)
 .text._ZN8touchgfx3HAL28setFrameBufferStartAddressesEPvS1_S1_
                0x08001b54       0x44 TouchGFX/build/STM32F429IDISCO/TouchGFX/target/generated/TouchGFXGeneratedHAL.o
                0x08001b54                touchgfx::HAL::setFrameBufferStartAddresses(void*, void*, void*)
 .text._ZN8touchgfx3HAL26setFrameBufferStartAddressEPvtbb
                0x08001b98       0x90 TouchGFX/build/STM32F429IDISCO/TouchGFX/target/generated/TouchGFXGeneratedHAL.o
                0x08001b98                touchgfx::HAL::setFrameBufferStartAddress(void*, unsigned short, bool, bool)
 .text._ZN20TouchGFXGeneratedHAL16flushFrameBufferERKN8touchgfx4RectE
                0x08001c28        0x4 TouchGFX/build/STM32F429IDISCO/TouchGFX/target/generated/TouchGFXGeneratedHAL.o
                0x08001c28                TouchGFXGeneratedHAL::flushFrameBuffer(touchgfx::Rect const&)
 .text._ZN8touchgfx3HAL15backPorchExitedEv
                0x08001c2c       0x16 TouchGFX/build/STM32F429IDISCO/TouchGFX/target/generated/TouchGFXGeneratedHAL.o
                0x08001c2c                touchgfx::HAL::backPorchExited()
 *fill*         0x08001c42        0x2 
 .text._ZN8touchgfx3HAL31performDisplayOrientationChangeEv
                0x08001c44       0x60 TouchGFX/build/STM32F429IDISCO/TouchGFX/target/generated/TouchGFXGeneratedHAL.o
                0x08001c44                touchgfx::HAL::performDisplayOrientationChange()
 .text._ZN20TouchGFXGeneratedHAL16enableInterruptsEv
                0x08001ca4       0x14 TouchGFX/build/STM32F429IDISCO/TouchGFX/target/generated/TouchGFXGeneratedHAL.o
                0x08001ca4                TouchGFXGeneratedHAL::enableInterrupts()
 .text._ZN20TouchGFXGeneratedHAL17disableInterruptsEv
                0x08001cb8       0x28 TouchGFX/build/STM32F429IDISCO/TouchGFX/target/generated/TouchGFXGeneratedHAL.o
                0x08001cb8                TouchGFXGeneratedHAL::disableInterrupts()
 .text._ZN20TouchGFXGeneratedHAL10initializeEv
                0x08001ce0       0x34 TouchGFX/build/STM32F429IDISCO/TouchGFX/target/generated/TouchGFXGeneratedHAL.o
                0x08001ce0                TouchGFXGeneratedHAL::initialize()
 .text.HAL_LTDC_LineEventCallback
                0x08001d14       0x60 TouchGFX/build/STM32F429IDISCO/TouchGFX/target/generated/TouchGFXGeneratedHAL.o
                0x08001d14                HAL_LTDC_LineEventCallback
 .text._ZN8touchgfx13DMA_Interface5flushEv
                0x08001d74        0x6 TouchGFX/build/STM32F429IDISCO/TouchGFX/target/generated/STM32DMA.o
                0x08001d74                touchgfx::DMA_Interface::flush()
 .text._ZN8touchgfx13DMA_Interface10getDMATypeEv
                0x08001d7a        0x4 TouchGFX/build/STM32F429IDISCO/TouchGFX/target/generated/STM32DMA.o
                0x08001d7a                touchgfx::DMA_Interface::getDMAType()
 .text._ZN10STM32F4DMA18signalDMAInterruptEv
                0x08001d7e        0x6 TouchGFX/build/STM32F429IDISCO/TouchGFX/target/generated/STM32DMA.o
                0x08001d7e                STM32F4DMA::signalDMAInterrupt()
 .text._ZN10STM32F4DMA11getBlitCapsEv
                0x08001d84        0x6 TouchGFX/build/STM32F429IDISCO/TouchGFX/target/generated/STM32DMA.o
                0x08001d84                STM32F4DMA::getBlitCaps()
 *fill*         0x08001d8a        0x2 
 .text._ZN10STM32F4DMA10initializeEv
                0x08001d8c       0x34 TouchGFX/build/STM32F429IDISCO/TouchGFX/target/generated/STM32DMA.o
                0x08001d8c                STM32F4DMA::initialize()
 .text.DMA2D_XferErrorCallback
                0x08001dc0       0x1c TouchGFX/build/STM32F429IDISCO/TouchGFX/target/generated/STM32DMA.o
 .text.DMA2D_XferCpltCallback
                0x08001ddc       0x10 TouchGFX/build/STM32F429IDISCO/TouchGFX/target/generated/STM32DMA.o
 .text._ZN10STM32F4DMAD2Ev
                0x08001dec       0x30 TouchGFX/build/STM32F429IDISCO/TouchGFX/target/generated/STM32DMA.o
                0x08001dec                STM32F4DMA::~STM32F4DMA()
                0x08001dec                STM32F4DMA::~STM32F4DMA()
 .text._ZN10STM32F4DMAD0Ev
                0x08001e1c       0x16 TouchGFX/build/STM32F429IDISCO/TouchGFX/target/generated/STM32DMA.o
                0x08001e1c                STM32F4DMA::~STM32F4DMA()
 *fill*         0x08001e32        0x2 
 .text._ZN10STM32F4DMA13setupDataCopyERKN8touchgfx6BlitOpE
                0x08001e34      0x1a0 TouchGFX/build/STM32F429IDISCO/TouchGFX/target/generated/STM32DMA.o
                0x08001e34                STM32F4DMA::setupDataCopy(touchgfx::BlitOp const&)
 .text._ZN10STM32F4DMA13setupDataFillERKN8touchgfx6BlitOpE
                0x08001fd4      0x104 TouchGFX/build/STM32F429IDISCO/TouchGFX/target/generated/STM32DMA.o
                0x08001fd4                STM32F4DMA::setupDataFill(touchgfx::BlitOp const&)
 .text._ZN10STM32F4DMAC2Ev
                0x080020d8       0x34 TouchGFX/build/STM32F429IDISCO/TouchGFX/target/generated/STM32DMA.o
                0x080020d8                STM32F4DMA::STM32F4DMA()
                0x080020d8                STM32F4DMA::STM32F4DMA()
 .text._ZN8touchgfx10OSWrappers10initializeEv
                0x0800210c       0x30 TouchGFX/build/STM32F429IDISCO/TouchGFX/target/generated/OSWrappers.o
                0x0800210c                touchgfx::OSWrappers::initialize()
 .text._ZN8touchgfx10OSWrappers24takeFrameBufferSemaphoreEv
                0x0800213c       0x30 TouchGFX/build/STM32F429IDISCO/TouchGFX/target/generated/OSWrappers.o
                0x0800213c                touchgfx::OSWrappers::takeFrameBufferSemaphore()
 .text._ZN8touchgfx10OSWrappers24giveFrameBufferSemaphoreEv
                0x0800216c       0x2c TouchGFX/build/STM32F429IDISCO/TouchGFX/target/generated/OSWrappers.o
                0x0800216c                touchgfx::OSWrappers::giveFrameBufferSemaphore()
 .text._ZN8touchgfx10OSWrappers27tryTakeFrameBufferSemaphoreEv
                0x08002198       0x30 TouchGFX/build/STM32F429IDISCO/TouchGFX/target/generated/OSWrappers.o
                0x08002198                touchgfx::OSWrappers::tryTakeFrameBufferSemaphore()
 .text._ZN8touchgfx10OSWrappers31giveFrameBufferSemaphoreFromISREv
                0x080021c8       0x2c TouchGFX/build/STM32F429IDISCO/TouchGFX/target/generated/OSWrappers.o
                0x080021c8                touchgfx::OSWrappers::giveFrameBufferSemaphoreFromISR()
 .text._ZN8touchgfx10OSWrappers11signalVSyncEv
                0x080021f4       0x1c TouchGFX/build/STM32F429IDISCO/TouchGFX/target/generated/OSWrappers.o
                0x080021f4                touchgfx::OSWrappers::signalVSync()
 .text._ZN8touchgfx10OSWrappers12waitForVSyncEv
                0x08002210       0x28 TouchGFX/build/STM32F429IDISCO/TouchGFX/target/generated/OSWrappers.o
                0x08002210                touchgfx::OSWrappers::waitForVSync()
 .text._ZN8touchgfx8LCD16bppD2Ev
                0x08002238        0x2 TouchGFX/build/STM32F429IDISCO/TouchGFX/target/generated/TouchGFXConfiguration.o
                0x08002238                touchgfx::LCD16bpp::~LCD16bpp()
                0x08002238                touchgfx::LCD16bpp::~LCD16bpp()
 .text._ZN20STM32TouchControllerD2Ev
                0x0800223a        0x2 TouchGFX/build/STM32F429IDISCO/TouchGFX/target/generated/TouchGFXConfiguration.o
                0x0800223a                STM32TouchController::~STM32TouchController()
                0x0800223a                STM32TouchController::~STM32TouchController()
 .text._ZN11TouchGFXHALD2Ev
                0x0800223c        0x2 TouchGFX/build/STM32F429IDISCO/TouchGFX/target/generated/TouchGFXConfiguration.o
                0x0800223c                TouchGFXHAL::~TouchGFXHAL()
                0x0800223c                TouchGFXHAL::~TouchGFXHAL()
 .text._ZNK8touchgfx9PartitionINS_4meta8TypeListINS_15SlideTransitionILNS_9DirectionE2EEENS2_INS1_3NilES6_EEEELt1EE8capacityEv
                0x0800223e        0x4 TouchGFX/build/STM32F429IDISCO/TouchGFX/target/generated/TouchGFXConfiguration.o
                0x0800223e                touchgfx::Partition<touchgfx::meta::TypeList<touchgfx::SlideTransition<(touchgfx::Direction)2>, touchgfx::meta::TypeList<touchgfx::meta::Nil, touchgfx::meta::Nil> >, (unsigned short)1>::capacity() const
 .text._ZN8touchgfx9PartitionINS_4meta8TypeListINS_15SlideTransitionILNS_9DirectionE2EEENS2_INS1_3NilES6_EEEELt1EE12element_sizeEv
                0x08002242        0x4 TouchGFX/build/STM32F429IDISCO/TouchGFX/target/generated/TouchGFXConfiguration.o
                0x08002242                touchgfx::Partition<touchgfx::meta::TypeList<touchgfx::SlideTransition<(touchgfx::Direction)2>, touchgfx::meta::TypeList<touchgfx::meta::Nil, touchgfx::meta::Nil> >, (unsigned short)1>::element_size()
 .text._ZN8touchgfx9PartitionINS_4meta8TypeListINS_15SlideTransitionILNS_9DirectionE2EEENS2_INS1_3NilES6_EEEELt1EE7elementEt
                0x08002246        0xa TouchGFX/build/STM32F429IDISCO/TouchGFX/target/generated/TouchGFXConfiguration.o
                0x08002246                touchgfx::Partition<touchgfx::meta::TypeList<touchgfx::SlideTransition<(touchgfx::Direction)2>, touchgfx::meta::TypeList<touchgfx::meta::Nil, touchgfx::meta::Nil> >, (unsigned short)1>::element(unsigned short)
 .text._ZNK8touchgfx9PartitionINS_4meta8TypeListINS_15SlideTransitionILNS_9DirectionE2EEENS2_INS1_3NilES6_EEEELt1EE7elementEt
                0x08002250        0xa TouchGFX/build/STM32F429IDISCO/TouchGFX/target/generated/TouchGFXConfiguration.o
                0x08002250                touchgfx::Partition<touchgfx::meta::TypeList<touchgfx::SlideTransition<(touchgfx::Direction)2>, touchgfx::meta::TypeList<touchgfx::meta::Nil, touchgfx::meta::Nil> >, (unsigned short)1>::element(unsigned short) const
 .text._ZNK8touchgfx9PartitionINS_4meta8TypeListI16start_screenViewNS2_INS1_3NilES4_EEEELt1EE8capacityEv
                0x0800225a        0x4 TouchGFX/build/STM32F429IDISCO/TouchGFX/target/generated/TouchGFXConfiguration.o
                0x0800225a                touchgfx::Partition<touchgfx::meta::TypeList<start_screenView, touchgfx::meta::TypeList<touchgfx::meta::Nil, touchgfx::meta::Nil> >, (unsigned short)1>::capacity() const
 .text._ZN8touchgfx9PartitionINS_4meta8TypeListI16start_screenViewNS2_INS1_3NilES4_EEEELt1EE12element_sizeEv
                0x0800225e        0x6 TouchGFX/build/STM32F429IDISCO/TouchGFX/target/generated/TouchGFXConfiguration.o
                0x0800225e                touchgfx::Partition<touchgfx::meta::TypeList<start_screenView, touchgfx::meta::TypeList<touchgfx::meta::Nil, touchgfx::meta::Nil> >, (unsigned short)1>::element_size()
 .text._ZN8touchgfx9PartitionINS_4meta8TypeListI16start_screenViewNS2_INS1_3NilES4_EEEELt1EE7elementEt
                0x08002264        0xc TouchGFX/build/STM32F429IDISCO/TouchGFX/target/generated/TouchGFXConfiguration.o
                0x08002264                touchgfx::Partition<touchgfx::meta::TypeList<start_screenView, touchgfx::meta::TypeList<touchgfx::meta::Nil, touchgfx::meta::Nil> >, (unsigned short)1>::element(unsigned short)
 .text._ZNK8touchgfx9PartitionINS_4meta8TypeListI16start_screenViewNS2_INS1_3NilES4_EEEELt1EE7elementEt
                0x08002270        0xc TouchGFX/build/STM32F429IDISCO/TouchGFX/target/generated/TouchGFXConfiguration.o
                0x08002270                touchgfx::Partition<touchgfx::meta::TypeList<start_screenView, touchgfx::meta::TypeList<touchgfx::meta::Nil, touchgfx::meta::Nil> >, (unsigned short)1>::element(unsigned short) const
 .text._ZNK8touchgfx9PartitionINS_4meta8TypeListI20home_screenPresenterNS2_INS1_3NilES4_EEEELt1EE8capacityEv
                0x0800227c        0x4 TouchGFX/build/STM32F429IDISCO/TouchGFX/target/generated/TouchGFXConfiguration.o
                0x0800227c                touchgfx::Partition<touchgfx::meta::TypeList<home_screenPresenter, touchgfx::meta::TypeList<touchgfx::meta::Nil, touchgfx::meta::Nil> >, (unsigned short)1>::capacity() const
 .text._ZN8touchgfx9PartitionINS_4meta8TypeListI20home_screenPresenterNS2_INS1_3NilES4_EEEELt1EE12element_sizeEv
                0x08002280        0x4 TouchGFX/build/STM32F429IDISCO/TouchGFX/target/generated/TouchGFXConfiguration.o
                0x08002280                touchgfx::Partition<touchgfx::meta::TypeList<home_screenPresenter, touchgfx::meta::TypeList<touchgfx::meta::Nil, touchgfx::meta::Nil> >, (unsigned short)1>::element_size()
 .text._ZN8touchgfx9PartitionINS_4meta8TypeListI20home_screenPresenterNS2_INS1_3NilES4_EEEELt1EE7elementEt
                0x08002284        0x8 TouchGFX/build/STM32F429IDISCO/TouchGFX/target/generated/TouchGFXConfiguration.o
                0x08002284                touchgfx::Partition<touchgfx::meta::TypeList<home_screenPresenter, touchgfx::meta::TypeList<touchgfx::meta::Nil, touchgfx::meta::Nil> >, (unsigned short)1>::element(unsigned short)
 .text._ZNK8touchgfx9PartitionINS_4meta8TypeListI20home_screenPresenterNS2_INS1_3NilES4_EEEELt1EE7elementEt
                0x0800228c        0x8 TouchGFX/build/STM32F429IDISCO/TouchGFX/target/generated/TouchGFXConfiguration.o
                0x0800228c                touchgfx::Partition<touchgfx::meta::TypeList<home_screenPresenter, touchgfx::meta::TypeList<touchgfx::meta::Nil, touchgfx::meta::Nil> >, (unsigned short)1>::element(unsigned short) const
 .text._ZN16FrontendHeapBase15gotoStartScreenER19FrontendApplication
                0x08002294        0x6 TouchGFX/build/STM32F429IDISCO/TouchGFX/target/generated/TouchGFXConfiguration.o
                0x08002294                FrontendHeapBase::gotoStartScreen(FrontendApplication&)
 *fill*         0x0800229a        0x2 
 .text._ZN8touchgfx9PartitionINS_4meta8TypeListINS_15SlideTransitionILNS_9DirectionE2EEENS2_INS1_3NilES6_EEEELt1EED2Ev
                0x0800229c       0x14 TouchGFX/build/STM32F429IDISCO/TouchGFX/target/generated/TouchGFXConfiguration.o
                0x0800229c                touchgfx::Partition<touchgfx::meta::TypeList<touchgfx::SlideTransition<(touchgfx::Direction)2>, touchgfx::meta::TypeList<touchgfx::meta::Nil, touchgfx::meta::Nil> >, (unsigned short)1>::~Partition()
                0x0800229c                touchgfx::Partition<touchgfx::meta::TypeList<touchgfx::SlideTransition<(touchgfx::Direction)2>, touchgfx::meta::TypeList<touchgfx::meta::Nil, touchgfx::meta::Nil> >, (unsigned short)1>::~Partition()
 .text._ZN8touchgfx9PartitionINS_4meta8TypeListINS_15SlideTransitionILNS_9DirectionE2EEENS2_INS1_3NilES6_EEEELt1EED0Ev
                0x080022b0       0x14 TouchGFX/build/STM32F429IDISCO/TouchGFX/target/generated/TouchGFXConfiguration.o
                0x080022b0                touchgfx::Partition<touchgfx::meta::TypeList<touchgfx::SlideTransition<(touchgfx::Direction)2>, touchgfx::meta::TypeList<touchgfx::meta::Nil, touchgfx::meta::Nil> >, (unsigned short)1>::~Partition()
 .text._ZN8touchgfx9PartitionINS_4meta8TypeListI16start_screenViewNS2_INS1_3NilES4_EEEELt1EED2Ev
                0x080022c4       0x14 TouchGFX/build/STM32F429IDISCO/TouchGFX/target/generated/TouchGFXConfiguration.o
                0x080022c4                touchgfx::Partition<touchgfx::meta::TypeList<start_screenView, touchgfx::meta::TypeList<touchgfx::meta::Nil, touchgfx::meta::Nil> >, (unsigned short)1>::~Partition()
                0x080022c4                touchgfx::Partition<touchgfx::meta::TypeList<start_screenView, touchgfx::meta::TypeList<touchgfx::meta::Nil, touchgfx::meta::Nil> >, (unsigned short)1>::~Partition()
 .text._ZN8touchgfx9PartitionINS_4meta8TypeListI16start_screenViewNS2_INS1_3NilES4_EEEELt1EED0Ev
                0x080022d8       0x16 TouchGFX/build/STM32F429IDISCO/TouchGFX/target/generated/TouchGFXConfiguration.o
                0x080022d8                touchgfx::Partition<touchgfx::meta::TypeList<start_screenView, touchgfx::meta::TypeList<touchgfx::meta::Nil, touchgfx::meta::Nil> >, (unsigned short)1>::~Partition()
 *fill*         0x080022ee        0x2 
 .text._ZN8touchgfx9PartitionINS_4meta8TypeListI20home_screenPresenterNS2_INS1_3NilES4_EEEELt1EED2Ev
                0x080022f0       0x14 TouchGFX/build/STM32F429IDISCO/TouchGFX/target/generated/TouchGFXConfiguration.o
                0x080022f0                touchgfx::Partition<touchgfx::meta::TypeList<home_screenPresenter, touchgfx::meta::TypeList<touchgfx::meta::Nil, touchgfx::meta::Nil> >, (unsigned short)1>::~Partition()
                0x080022f0                touchgfx::Partition<touchgfx::meta::TypeList<home_screenPresenter, touchgfx::meta::TypeList<touchgfx::meta::Nil, touchgfx::meta::Nil> >, (unsigned short)1>::~Partition()
 .text._ZN8touchgfx9PartitionINS_4meta8TypeListI20home_screenPresenterNS2_INS1_3NilES4_EEEELt1EED0Ev
                0x08002304       0x14 TouchGFX/build/STM32F429IDISCO/TouchGFX/target/generated/TouchGFXConfiguration.o
                0x08002304                touchgfx::Partition<touchgfx::meta::TypeList<home_screenPresenter, touchgfx::meta::TypeList<touchgfx::meta::Nil, touchgfx::meta::Nil> >, (unsigned short)1>::~Partition()
 .text._ZN12FrontendHeapD2Ev
                0x08002318       0x28 TouchGFX/build/STM32F429IDISCO/TouchGFX/target/generated/TouchGFXConfiguration.o
                0x08002318                FrontendHeap::~FrontendHeap()
                0x08002318                FrontendHeap::~FrontendHeap()
 .text._ZN12FrontendHeapD0Ev
                0x08002340       0x16 TouchGFX/build/STM32F429IDISCO/TouchGFX/target/generated/TouchGFXConfiguration.o
                0x08002340                FrontendHeap::~FrontendHeap()
 .text._ZN8touchgfx8LCD16bppD0Ev
                0x08002356        0xe TouchGFX/build/STM32F429IDISCO/TouchGFX/target/generated/TouchGFXConfiguration.o
                0x08002356                touchgfx::LCD16bpp::~LCD16bpp()
 .text.touchgfx_init
                0x08002364       0xec TouchGFX/build/STM32F429IDISCO/TouchGFX/target/generated/TouchGFXConfiguration.o
                0x08002364                touchgfx_init
 .text.touchgfx_taskEntry
                0x08002450        0xc TouchGFX/build/STM32F429IDISCO/TouchGFX/target/generated/TouchGFXConfiguration.o
                0x08002450                touchgfx_taskEntry
 .text._ZN20STM32TouchControllerD0Ev
                0x0800245c        0xe TouchGFX/build/STM32F429IDISCO/TouchGFX/target/generated/TouchGFXConfiguration.o
                0x0800245c                STM32TouchController::~STM32TouchController()
 .text._ZN11TouchGFXHALD0Ev
                0x0800246a        0xe TouchGFX/build/STM32F429IDISCO/TouchGFX/target/generated/TouchGFXConfiguration.o
                0x0800246a                TouchGFXHAL::~TouchGFXHAL()
 .text.startup._GLOBAL__sub_I_touchgfx_init
                0x08002478      0x120 TouchGFX/build/STM32F429IDISCO/TouchGFX/target/generated/TouchGFXConfiguration.o
 .text._ZN11TouchGFXHAL9taskEntryEv
                0x08002598       0x32 TouchGFX/build/STM32F429IDISCO/TouchGFX/target/TouchGFXHAL.o
                0x08002598                TouchGFXHAL::taskEntry()
 .text._ZNK11TouchGFXHAL17getTFTFrameBufferEv
                0x080025ca        0x4 TouchGFX/build/STM32F429IDISCO/TouchGFX/target/TouchGFXHAL.o
                0x080025ca                TouchGFXHAL::getTFTFrameBuffer() const
 .text._ZN11TouchGFXHAL17setTFTFrameBufferEPt
                0x080025ce        0x4 TouchGFX/build/STM32F429IDISCO/TouchGFX/target/TouchGFXHAL.o
                0x080025ce                TouchGFXHAL::setTFTFrameBuffer(unsigned short*)
 .text._ZN11TouchGFXHAL16flushFrameBufferERKN8touchgfx4RectE
                0x080025d2        0x4 TouchGFX/build/STM32F429IDISCO/TouchGFX/target/TouchGFXHAL.o
                0x080025d2                TouchGFXHAL::flushFrameBuffer(touchgfx::Rect const&)
 .text._ZN11TouchGFXHAL19configureInterruptsEv
                0x080025d6        0x4 TouchGFX/build/STM32F429IDISCO/TouchGFX/target/TouchGFXHAL.o
                0x080025d6                TouchGFXHAL::configureInterrupts()
 .text._ZN11TouchGFXHAL16enableInterruptsEv
                0x080025da        0x4 TouchGFX/build/STM32F429IDISCO/TouchGFX/target/TouchGFXHAL.o
                0x080025da                TouchGFXHAL::enableInterrupts()
 .text._ZN11TouchGFXHAL17disableInterruptsEv
                0x080025de        0x4 TouchGFX/build/STM32F429IDISCO/TouchGFX/target/TouchGFXHAL.o
                0x080025de                TouchGFXHAL::disableInterrupts()
 .text._ZN11TouchGFXHAL28enableLCDControllerInterruptEv
                0x080025e2        0x4 TouchGFX/build/STM32F429IDISCO/TouchGFX/target/TouchGFXHAL.o
                0x080025e2                TouchGFXHAL::enableLCDControllerInterrupt()
 .text._ZN11TouchGFXHAL16flushFrameBufferEv
                0x080025e6        0x4 TouchGFX/build/STM32F429IDISCO/TouchGFX/target/TouchGFXHAL.o
                0x080025e6                TouchGFXHAL::flushFrameBuffer()
 .text._ZN11TouchGFXHAL10initializeEv
                0x080025ea        0x4 TouchGFX/build/STM32F429IDISCO/TouchGFX/target/TouchGFXHAL.o
                0x080025ea                TouchGFXHAL::initialize()
 .text._ZN8touchgfx4GPIO3setENS0_7GPIO_IDE
                0x080025ee        0x2 TouchGFX/build/STM32F429IDISCO/TouchGFX/target/TouchGFXGPIO.o
                0x080025ee                touchgfx::GPIO::set(touchgfx::GPIO::GPIO_ID)
 .text._ZN8touchgfx4GPIO5clearENS0_7GPIO_IDE
                0x080025f0        0x2 TouchGFX/build/STM32F429IDISCO/TouchGFX/target/TouchGFXGPIO.o
                0x080025f0                touchgfx::GPIO::clear(touchgfx::GPIO::GPIO_ID)
 .text._ZN8touchgfx4GPIO6toggleENS0_7GPIO_IDE
                0x080025f2        0x2 TouchGFX/build/STM32F429IDISCO/TouchGFX/target/TouchGFXGPIO.o
                0x080025f2                touchgfx::GPIO::toggle(touchgfx::GPIO::GPIO_ID)
 .text._Z11BSP_TS_Inittt
                0x080025f4       0x44 TouchGFX/build/STM32F429IDISCO/TouchGFX/target/STM32TouchController.o
                0x080025f4                BSP_TS_Init(unsigned short, unsigned short)
 .text._ZN20STM32TouchController4initEv
                0x08002638        0xa TouchGFX/build/STM32F429IDISCO/TouchGFX/target/STM32TouchController.o
                0x08002638                STM32TouchController::init()
 *fill*         0x08002642        0x2 
 .text._Z15BSP_TS_GetStateP15TS_StateTypeDef
                0x08002644       0xc8 TouchGFX/build/STM32F429IDISCO/TouchGFX/target/STM32TouchController.o
                0x08002644                BSP_TS_GetState(TS_StateTypeDef*)
 .text._ZN20STM32TouchController11sampleTouchERlS0_
                0x0800270c       0x24 TouchGFX/build/STM32F429IDISCO/TouchGFX/target/STM32TouchController.o
                0x0800270c                STM32TouchController::sampleTouch(long&, long&)
 .text.SystemInit
                0x08002730       0x1c TouchGFX/build/STM32F429IDISCO/Core/Src/system_stm32f4xx.o
                0x08002730                SystemInit
 .text.HAL_InitTick
                0x0800274c       0x7c TouchGFX/build/STM32F429IDISCO/Core/Src/stm32f4xx_hal_timebase_tim.o
                0x0800274c                HAL_InitTick
 .text.SPI5_Write
                0x080027c8       0x24 TouchGFX/build/STM32F429IDISCO/Core/Src/main.o
 .text.SystemClock_Config
                0x080027ec       0xb8 TouchGFX/build/STM32F429IDISCO/Core/Src/main.o
                0x080027ec                SystemClock_Config
 .text.startup.main
                0x080028a4      0x340 TouchGFX/build/STM32F429IDISCO/Core/Src/main.o
                0x080028a4                main
 .text.IOE_Init
                0x08002be4        0x2 TouchGFX/build/STM32F429IDISCO/Core/Src/main.o
                0x08002be4                IOE_Init
 .text.IOE_ITConfig
                0x08002be6        0x2 TouchGFX/build/STM32F429IDISCO/Core/Src/main.o
                0x08002be6                IOE_ITConfig
 .text.IOE_Write
                0x08002be8       0x2c TouchGFX/build/STM32F429IDISCO/Core/Src/main.o
                0x08002be8                IOE_Write
 .text.IOE_Read
                0x08002c14       0x34 TouchGFX/build/STM32F429IDISCO/Core/Src/main.o
                0x08002c14                IOE_Read
 .text.IOE_ReadMultiple
                0x08002c48       0x2c TouchGFX/build/STM32F429IDISCO/Core/Src/main.o
                0x08002c48                IOE_ReadMultiple
 .text.IOE_Delay
                0x08002c74        0x4 TouchGFX/build/STM32F429IDISCO/Core/Src/main.o
                0x08002c74                IOE_Delay
 .text.LCD_IO_Init
                0x08002c78       0x20 TouchGFX/build/STM32F429IDISCO/Core/Src/main.o
                0x08002c78                LCD_IO_Init
 .text.LCD_IO_WriteData
                0x08002c98       0x38 TouchGFX/build/STM32F429IDISCO/Core/Src/main.o
                0x08002c98                LCD_IO_WriteData
 .text.LCD_IO_WriteReg
                0x08002cd0       0x38 TouchGFX/build/STM32F429IDISCO/Core/Src/main.o
                0x08002cd0                LCD_IO_WriteReg
 .text.LCD_IO_ReadData
                0x08002d08       0x64 TouchGFX/build/STM32F429IDISCO/Core/Src/main.o
                0x08002d08                LCD_IO_ReadData
 .text.LCD_Delay
                0x08002d6c        0x4 TouchGFX/build/STM32F429IDISCO/Core/Src/main.o
                0x08002d6c                LCD_Delay
 .text.HAL_TIM_PeriodElapsedCallback
                0x08002d70       0x14 TouchGFX/build/STM32F429IDISCO/Core/Src/main.o
                0x08002d70                HAL_TIM_PeriodElapsedCallback
 .text.NMI_Handler
                0x08002d84        0x2 TouchGFX/build/STM32F429IDISCO/Core/Src/stm32f4xx_it.o
                0x08002d84                NMI_Handler
 .text.HardFault_Handler
                0x08002d86        0x2 TouchGFX/build/STM32F429IDISCO/Core/Src/stm32f4xx_it.o
                0x08002d86                HardFault_Handler
 .text.MemManage_Handler
                0x08002d88        0x2 TouchGFX/build/STM32F429IDISCO/Core/Src/stm32f4xx_it.o
                0x08002d88                MemManage_Handler
 .text.BusFault_Handler
                0x08002d8a        0x2 TouchGFX/build/STM32F429IDISCO/Core/Src/stm32f4xx_it.o
                0x08002d8a                BusFault_Handler
 .text.UsageFault_Handler
                0x08002d8c        0x2 TouchGFX/build/STM32F429IDISCO/Core/Src/stm32f4xx_it.o
                0x08002d8c                UsageFault_Handler
 .text.DebugMon_Handler
                0x08002d8e        0x2 TouchGFX/build/STM32F429IDISCO/Core/Src/stm32f4xx_it.o
                0x08002d8e                DebugMon_Handler
 .text.TIM6_DAC_IRQHandler
                0x08002d90        0xc TouchGFX/build/STM32F429IDISCO/Core/Src/stm32f4xx_it.o
                0x08002d90                TIM6_DAC_IRQHandler
 .text.LTDC_IRQHandler
                0x08002d9c        0xc TouchGFX/build/STM32F429IDISCO/Core/Src/stm32f4xx_it.o
                0x08002d9c                LTDC_IRQHandler
 .text.DMA2D_IRQHandler
                0x08002da8        0xc TouchGFX/build/STM32F429IDISCO/Core/Src/stm32f4xx_it.o
                0x08002da8                DMA2D_IRQHandler
 .text._sbrk    0x08002db4       0x34 TouchGFX/build/STM32F429IDISCO/Core/Src/sysmem.o
                0x08002db4                _sbrk
 .text.HAL_MspInit
                0x08002de8       0x40 TouchGFX/build/STM32F429IDISCO/Core/Src/stm32f4xx_hal_msp.o
                0x08002de8                HAL_MspInit
 .text.HAL_CRC_MspInit
                0x08002e28       0x30 TouchGFX/build/STM32F429IDISCO/Core/Src/stm32f4xx_hal_msp.o
                0x08002e28                HAL_CRC_MspInit
 .text.HAL_DMA2D_MspInit
                0x08002e58       0x44 TouchGFX/build/STM32F429IDISCO/Core/Src/stm32f4xx_hal_msp.o
                0x08002e58                HAL_DMA2D_MspInit
 .text.HAL_DMA2D_MspDeInit
                0x08002e9c       0x24 TouchGFX/build/STM32F429IDISCO/Core/Src/stm32f4xx_hal_msp.o
                0x08002e9c                HAL_DMA2D_MspDeInit
 .text.HAL_I2C_MspInit
                0x08002ec0       0xb8 TouchGFX/build/STM32F429IDISCO/Core/Src/stm32f4xx_hal_msp.o
                0x08002ec0                HAL_I2C_MspInit
 .text.HAL_LTDC_MspInit
                0x08002f78      0x18c TouchGFX/build/STM32F429IDISCO/Core/Src/stm32f4xx_hal_msp.o
                0x08002f78                HAL_LTDC_MspInit
 .text.HAL_SPI_MspInit
                0x08003104       0x6c TouchGFX/build/STM32F429IDISCO/Core/Src/stm32f4xx_hal_msp.o
                0x08003104                HAL_SPI_MspInit
 .text.HAL_SDRAM_MspInit
                0x08003170       0xe0 TouchGFX/build/STM32F429IDISCO/Core/Src/stm32f4xx_hal_msp.o
                0x08003170                HAL_SDRAM_MspInit
 .text._getpid  0x08003250        0x4 TouchGFX/build/STM32F429IDISCO/Core/Src/syscalls.o
                0x08003250                _getpid
 .text._kill    0x08003254       0x10 TouchGFX/build/STM32F429IDISCO/Core/Src/syscalls.o
                0x08003254                _kill
 .text._exit    0x08003264        0xc TouchGFX/build/STM32F429IDISCO/Core/Src/syscalls.o
                0x08003264                _exit
 .text._read    0x08003270       0x1c TouchGFX/build/STM32F429IDISCO/Core/Src/syscalls.o
                0x08003270                _read
 .text._write   0x0800328c       0x1c TouchGFX/build/STM32F429IDISCO/Core/Src/syscalls.o
                0x0800328c                _write
 .text._close   0x080032a8        0x6 TouchGFX/build/STM32F429IDISCO/Core/Src/syscalls.o
                0x080032a8                _close
 .text._fstat   0x080032ae        0xa TouchGFX/build/STM32F429IDISCO/Core/Src/syscalls.o
                0x080032ae                _fstat
 .text._isatty  0x080032b8        0x4 TouchGFX/build/STM32F429IDISCO/Core/Src/syscalls.o
                0x080032b8                _isatty
 .text._lseek   0x080032bc        0x4 TouchGFX/build/STM32F429IDISCO/Core/Src/syscalls.o
                0x080032bc                _lseek
 .text.HAL_SDRAM_Init
                0x080032c0       0x40 TouchGFX/build/STM32F429IDISCO/Drivers/STM32F4xx_HAL_Driver/Src/stm32f4xx_hal_sdram.o
                0x080032c0                HAL_SDRAM_Init
 .text.HAL_SDRAM_SendCommand
                0x08003300       0x2e TouchGFX/build/STM32F429IDISCO/Drivers/STM32F4xx_HAL_Driver/Src/stm32f4xx_hal_sdram.o
                0x08003300                HAL_SDRAM_SendCommand
 .text.HAL_SDRAM_ProgramRefreshRate
                0x0800332e       0x24 TouchGFX/build/STM32F429IDISCO/Drivers/STM32F4xx_HAL_Driver/Src/stm32f4xx_hal_sdram.o
                0x0800332e                HAL_SDRAM_ProgramRefreshRate
 *fill*         0x08003352        0x2 
 .text.HAL_RCC_OscConfig
                0x08003354      0x34c TouchGFX/build/STM32F429IDISCO/Drivers/STM32F4xx_HAL_Driver/Src/stm32f4xx_hal_rcc.o
                0x08003354                HAL_RCC_OscConfig
 .text.HAL_RCC_GetSysClockFreq
                0x080036a0       0x5c TouchGFX/build/STM32F429IDISCO/Drivers/STM32F4xx_HAL_Driver/Src/stm32f4xx_hal_rcc.o
                0x080036a0                HAL_RCC_GetSysClockFreq
 .text.HAL_RCC_ClockConfig
                0x080036fc      0x13c TouchGFX/build/STM32F429IDISCO/Drivers/STM32F4xx_HAL_Driver/Src/stm32f4xx_hal_rcc.o
                0x080036fc                HAL_RCC_ClockConfig
 .text.HAL_RCC_GetPCLK1Freq
                0x08003838       0x20 TouchGFX/build/STM32F429IDISCO/Drivers/STM32F4xx_HAL_Driver/Src/stm32f4xx_hal_rcc.o
                0x08003838                HAL_RCC_GetPCLK1Freq
 .text.HAL_RCC_GetClockConfig
                0x08003858       0x3c TouchGFX/build/STM32F429IDISCO/Drivers/STM32F4xx_HAL_Driver/Src/stm32f4xx_hal_rcc.o
                0x08003858                HAL_RCC_GetClockConfig
 .text.HAL_TIM_Base_MspInit